Component: ARM Compiler 5.06 update 7 (build 960) Tool: armlink [4d3601]

==============================================================================

Section Cross References

    main.o(i.main) refers to system_stm32f10x.o(i.SystemInit) for SystemInit
    main.o(i.main) refers to pwm.o(i.PWM_Init_TIM1) for PWM_Init_TIM1
    main.o(i.main) refers to delay.o(i.delay_init) for delay_init
    main.o(i.main) refers to usart3.o(i.usart3_init) for usart3_init
    main.o(i.main) refers to misc.o(i.NVIC_PriorityGroupConfig) for NVIC_PriorityGroupConfig
    main.o(i.main) refers to pwm.o(i.PWM_Init_TIM8) for PWM_Init_TIM8
    main.o(i.main) refers to encoder.o(i.Encoder_Init_TIM) for Encoder_Init_TIM
    main.o(i.main) refers to timer.o(i.TIM6_Init) for TIM6_Init
    main.o(i.main) refers to track.o(i.Track_Init) for Track_Init
    main.o(i.main) refers to usart2.o(i.usart2_init) for usart2_init
    main.o(i.main) refers to usart3.o(i.Bluetooth) for Bluetooth
    main.o(i.main) refers to track.o(i.Track) for Track
    main.o(i.main) refers to usart3.o(i.GoAhead) for GoAhead
    main.o(i.main) refers to delay.o(i.delay_ms) for delay_ms
    main.o(i.main) refers to usart3.o(.data) for res
    main.o(i.main) refers to usart2.o(.data) for Res
    main.o(i.main) refers to main.o(.data) for step
    system_stm32f10x.o(i.SetSysClock) refers to system_stm32f10x.o(i.SetSysClockTo72) for SetSysClockTo72
    system_stm32f10x.o(i.SystemCoreClockUpdate) refers to system_stm32f10x.o(.data) for SystemCoreClock
    system_stm32f10x.o(i.SystemInit) refers to system_stm32f10x.o(i.SetSysClock) for SetSysClock
    delay.o(i.delay_init) refers to misc.o(i.SysTick_CLKSourceConfig) for SysTick_CLKSourceConfig
    delay.o(i.delay_init) refers to system_stm32f10x.o(.data) for SystemCoreClock
    delay.o(i.delay_init) refers to delay.o(.data) for fac_us
    delay.o(i.delay_ms) refers to delay.o(.data) for fac_ms
    delay.o(i.delay_us) refers to delay.o(.data) for fac_us
    usart.o(i.USART1_IRQHandler) refers (Special) to use_no_semi_2.o(.text) for __use_no_semihosting
    usart.o(i.USART1_IRQHandler) refers to stm32f10x_usart.o(i.USART_GetITStatus) for USART_GetITStatus
    usart.o(i.USART1_IRQHandler) refers to stm32f10x_usart.o(i.USART_ReceiveData) for USART_ReceiveData
    usart.o(i.USART1_IRQHandler) refers to usart.o(.data) for USART_RX_STA
    usart.o(i.USART1_IRQHandler) refers to usart.o(.bss) for USART_RX_BUF
    usart.o(i._sys_exit) refers (Special) to use_no_semi_2.o(.text) for __use_no_semihosting
    usart.o(i.fputc) refers (Special) to use_no_semi_2.o(.text) for __use_no_semihosting
    usart.o(i.uart_init) refers (Special) to use_no_semi_2.o(.text) for __use_no_semihosting
    usart.o(i.uart_init) refers to stm32f10x_rcc.o(i.RCC_APB2PeriphClockCmd) for RCC_APB2PeriphClockCmd
    usart.o(i.uart_init) refers to stm32f10x_gpio.o(i.GPIO_Init) for GPIO_Init
    usart.o(i.uart_init) refers to misc.o(i.NVIC_Init) for NVIC_Init
    usart.o(i.uart_init) refers to stm32f10x_usart.o(i.USART_Init) for USART_Init
    usart.o(i.uart_init) refers to stm32f10x_usart.o(i.USART_ITConfig) for USART_ITConfig
    usart.o(i.uart_init) refers to stm32f10x_usart.o(i.USART_Cmd) for USART_Cmd
    usart.o(.bss) refers (Special) to use_no_semi_2.o(.text) for __use_no_semihosting
    usart.o(.data) refers (Special) to use_no_semi_2.o(.text) for __use_no_semihosting
    timer.o(i.TIM6_IRQHandler) refers to stm32f10x_tim.o(i.TIM_GetFlagStatus) for TIM_GetFlagStatus
    timer.o(i.TIM6_IRQHandler) refers to stm32f10x_tim.o(i.TIM_ClearITPendingBit) for TIM_ClearITPendingBit
    timer.o(i.TIM6_IRQHandler) refers to encoder.o(i.Read_Encoder) for Read_Encoder
    timer.o(i.TIM6_IRQHandler) refers to pid.o(i.Incremental_PID1) for Incremental_PID1
    timer.o(i.TIM6_IRQHandler) refers to pid.o(i.Incremental_PID2) for Incremental_PID2
    timer.o(i.TIM6_IRQHandler) refers to pid.o(i.Incremental_PID3) for Incremental_PID3
    timer.o(i.TIM6_IRQHandler) refers to pid.o(i.Incremental_PID4) for Incremental_PID4
    timer.o(i.TIM6_IRQHandler) refers to pid.o(i.Set_Pwm1) for Set_Pwm1
    timer.o(i.TIM6_IRQHandler) refers to pid.o(i.Set_Pwm2) for Set_Pwm2
    timer.o(i.TIM6_IRQHandler) refers to pid.o(i.Set_Pwm3) for Set_Pwm3
    timer.o(i.TIM6_IRQHandler) refers to pid.o(i.Set_Pwm4) for Set_Pwm4
    timer.o(i.TIM6_IRQHandler) refers to pid.o(.data) for Encoder1
    timer.o(i.TIM6_Init) refers to stm32f10x_rcc.o(i.RCC_APB1PeriphClockCmd) for RCC_APB1PeriphClockCmd
    timer.o(i.TIM6_Init) refers to stm32f10x_tim.o(i.TIM_TimeBaseInit) for TIM_TimeBaseInit
    timer.o(i.TIM6_Init) refers to stm32f10x_tim.o(i.TIM_ClearFlag) for TIM_ClearFlag
    timer.o(i.TIM6_Init) refers to stm32f10x_tim.o(i.TIM_ITConfig) for TIM_ITConfig
    timer.o(i.TIM6_Init) refers to misc.o(i.NVIC_Init) for NVIC_Init
    timer.o(i.TIM6_Init) refers to stm32f10x_tim.o(i.TIM_Cmd) for TIM_Cmd
    startup_stm32f10x_hd.o(STACK) refers (Special) to heapauxi.o(.text) for __use_two_region_memory
[...]
    ../clib/signal.c                         0x00000000   Number         0  defsig_abrt_inner.o ABSOLUTE
    ../clib/signal.c                         0x00000000   Number         0  defsig_cppl_inner.o ABSOLUTE
    ../clib/signal.c                         0x00000000   Number         0  defsig_general.o ABSOLUTE
    ../clib/signal.c                         0x00000000   Number         0  __raise.o ABSOLUTE
    ../clib/signal.c                         0x00000000   Number         0  defsig_rtmem_inner.o ABSOLUTE
    ../clib/signal.c                         0x00000000   Number         0  defsig_exit.o ABSOLUTE
    ../clib/signal.c                         0x00000000   Number         0  defsig_rtred_inner.o ABSOLUTE
    ../clib/signal.c                         0x00000000   Number         0  defsig_other.o ABSOLUTE
    ../clib/signal.c                         0x00000000   Number         0  defsig_segv_inner.o ABSOLUTE
    ../clib/signal.c                         0x00000000   Number         0  defsig_pvfn_inner.o ABSOLUTE
    ../clib/signal.c                         0x00000000   Number         0  defsig_stak_inner.o ABSOLUTE
    ../clib/signal.c                         0x00000000   Number         0  defsig_fpe_inner.o ABSOLUTE
    ../clib/signal.s                         0x00000000   Number         0  defsig.o ABSOLUTE
    ../clib/stdlib.c                         0x00000000   Number         0  exit.o ABSOLUTE
    ../fplib/d2f.s                           0x00000000   Number         0  d2f.o ABSOLUTE
    ../fplib/daddsub.s                       0x00000000   Number         0  daddsub_clz.o ABSOLUTE
    ../fplib/dmul.s                          0x00000000   Number         0  dmul.o ABSOLUTE
    ../fplib/dnaninf.s                       0x00000000   Number         0  dnaninf.o ABSOLUTE
    ../fplib/dretinf.s                       0x00000000   Number         0  dretinf.o ABSOLUTE
    ../fplib/f2d.s                           0x00000000   Number         0  f2d.o ABSOLUTE
    ../fplib/faddsub.s                       0x00000000   Number         0  faddsub_clz.o ABSOLUTE
    ../fplib/fcmpi.s                         0x00000000   Number         0  fcmpi.o ABSOLUTE
    ../fplib/fdiv.s                          0x00000000   Number         0  fdiv.o ABSOLUTE
    ../fplib/ffix.s                          0x00000000   Number         0  ffix.o ABSOLUTE
    ../fplib/ffixu.s                         0x00000000   Number         0  ffixu.o ABSOLUTE
    ../fplib/fflt.s                          0x00000000   Number         0  fflt_clz.o ABSOLUTE
    ../fplib/fleqf.s                         0x00000000   Number         0  fleqf.o ABSOLUTE
    ../fplib/fmul.s                          0x00000000   Number         0  fmul.o ABSOLUTE
    ../fplib/fnaninf.s                       0x00000000   Number         0  fnaninf.o ABSOLUTE
    ../fplib/fpinit.s                        0x00000000   Number         0  fpinit.o ABSOLUTE
    ../fplib/fretinf.s                       0x00000000   Number         0  fretinf.o ABSOLUTE
    ../fplib/frleqf.s                        0x00000000   Number         0  frleqf.o ABSOLUTE
    ../fplib/usenofp.s                       0x00000000   Number         0  usenofp.o ABSOLUTE
    ..\CORE\core_cm3.c                       0x00000000   Number         0  core_cm3.o ABSOLUTE
    ..\CORE\startup_stm32f10x_hd.s           0x00000000   Number         0  startup_stm32f10x_hd.o ABSOLUTE
    ..\FUNCTION\Debug_DataScope\Debug_DataScope.C 0x00000000   Number         0  debug_datascope.o ABSOLUTE
    ..\FUNCTION\encoder\encoder.c            0x00000000   Number         0  encoder.o ABSOLUTE
    ..\FUNCTION\pid\pid.c                    0x00000000   Number         0  pid.o ABSOLUTE
    ..\FUNCTION\pwm\pwm.c                    0x00000000   Number         0  pwm.o ABSOLUTE
    ..\FUNCTION\track\track.c                0x00000000   Number         0  track.o ABSOLUTE
    ..\FUNCTION\usart2\usart2.c              0x00000000   Number         0  usart2.o ABSOLUTE
    ..\FUNCTION\usart3\usart3.c              0x00000000   Number         0  usart3.o ABSOLUTE
    ..\STM32F10x_FWLib\src\misc.c            0x00000000   Number         0  misc.o ABSOLUTE
    ..\STM32F10x_FWLib\src\stm32f10x_adc.c   0x00000000   Number         0  stm32f10x_adc.o ABSOLUTE
    ..\STM32F10x_FWLib\src\stm32f10x_bkp.c   0x00000000   Number         0  stm32f10x_bkp.o ABSOLUTE
    ..\STM32F10x_FWLib\src\stm32f10x_can.c   0x00000000   Number         0  stm32f10x_can.o ABSOLUTE
    ..\STM32F10x_FWLib\src\stm32f10x_cec.c   0x00000000   Number         0  stm32f10x_cec.o ABSOLUTE
    ..\STM32F10x_FWLib\src\stm32f10x_crc.c   0x00000000   Number         0  stm32f10x_crc.o ABSOLUTE
    ..\STM32F10x_FWLib\src\stm32f10x_dac.c   0x00000000   Number         0  stm32f10x_dac.o ABSOLUTE
    ..\STM32F10x_FWLib\src\stm32f10x_dbgmcu.c 0x00000000   Number         0  stm32f10x_dbgmcu.o ABSOLUTE
    ..\STM32F10x_FWLib\src\stm32f10x_dma.c   0x00000000   Number         0  stm32f10x_dma.o ABSOLUTE
    ..\STM32F10x_FWLib\src\stm32f10x_exti.c  0x00000000   Number         0  stm32f10x_exti.o ABSOLUTE
    ..\STM32F10x_FWLib\src\stm32f10x_flash.c 0x00000000   Number         0  stm32f10x_flash.o ABSOLUTE
    ..\STM32F10x_FWLib\src\stm32f10x_fsmc.c  0x00000000   Number         0  stm32f10x_fsmc.o ABSOLUTE
    ..\STM32F10x_FWLib\src\stm32f10x_gpio.c  0x00000000   Number         0  stm32f10x_gpio.o ABSOLUTE
    ..\STM32F10x_FWLib\src\stm32f10x_i2c.c   0x00000000   Number         0  stm32f10x_i2c.o ABSOLUTE
    ..\STM32F10x_FWLib\src\stm32f10x_iwdg.c  0x00000000   Number         0  stm32f10x_iwdg.o ABSOLUTE
    ..\STM32F10x_FWLib\src\stm32f10x_pwr.c   0x00000000   Number         0  stm32f10x_pwr.o ABSOLUTE
    ..\STM32F10x_FWLib\src\stm32f10x_rcc.c   0x00000000   Number         0  stm32f10x_rcc.o ABSOLUTE
    ..\STM32F10x_FWLib\src\stm32f10x_rtc.c   0x00000000   Number         0  stm32f10x_rtc.o ABSOLUTE
    ..\STM32F10x_FWLib\src\stm32f10x_sdio.c  0x00000000   Number         0  stm32f10x_sdio.o ABSOLUTE
    ..\STM32F10x_FWLib\src\stm32f10x_spi.c   0x00000000   Number         0  stm32f10x_spi.o ABSOLUTE
    ..\STM32F10x_FWLib\src\stm32f10x_tim.c   0x00000000   Number         0  stm32f10x_tim.o ABSOLUTE
    ..\STM32F10x_FWLib\src\stm32f10x_usart.c 0x00000000   Number         0  stm32f10x_usart.o ABSOLUTE
    ..\STM32F10x_FWLib\src\stm32f10x_wwdg.c  0x00000000   Number         0  stm32f10x_wwdg.o ABSOLUTE
    ..\SYSTEM\delay\delay.c                  0x00000000   Number         0  delay.o ABSOLUTE
    ..\SYSTEM\sys\sys.c                      0x00000000   Number         0  sys.o ABSOLUTE
    ..\SYSTEM\timer\timer.c                  0x00000000   Number         0  timer.o ABSOLUTE
    ..\SYSTEM\usart\usart.c                  0x00000000   Number         0  usart.o ABSOLUTE
    ..\\CORE\\core_cm3.c                     0x00000000   Number         0  core_cm3.o ABSOLUTE
    ..\\SYSTEM\\sys\\sys.c                   0x00000000   Number         0  sys.o ABSOLUTE
    dc.s                                     0x00000000   Number         0  dc.o ABSOLUTE
    main.c                                   0x00000000   Number         0  main.o ABSOLUTE
    stm32f10x_it.c                           0x00000000   Number         0  stm32f10x_it.o ABSOLUTE
    system_stm32f10x.c                       0x00000000   Number         0  system_stm32f10x.o ABSOLUTE
    RESET                                    0x08000000   Section      304  startup_stm32f10x_hd.o(RESET)
    !!!main                                  0x08000130   Section        8  __main.o(!!!main)
    !!!scatter                               0x08000138   Section       52  __scatter.o(!!!scatter)
    !!handler_copy                           0x0800016c   Section       26  __scatter_copy.o(!!handler_copy)
    !!handler_zi                             0x08000188   Section       28  __scatter_zi.o(!!handler_zi)
    .ARM.Collect$$libinit$$00000000          0x080001a4   Section        2  libinit.o(.ARM.Collect$$libinit$$00000000)
    .ARM.Collect$$libinit$$00000002          0x080001a6   Section        0  libinit2.o(.ARM.Collect$$libinit$$00000002)
    .ARM.Collect$$libinit$$00000004          0x080001a6   Section        0  libinit2.o(.ARM.Collect$$libinit$$00000004)
    .ARM.Collect$$libinit$$0000000A          0x080001a6   Section        0  libinit2.o(.ARM.Collect$$libinit$$0000000A)
    .ARM.Collect$$libinit$$0000000C          0x080001a6   Section        0  libinit2.o(.ARM.Collect$$libinit$$0000000C)
    .ARM.Collect$$libinit$$0000000E          0x080001a6   Section        0  libinit2.o(.ARM.Collect$$libinit$$0000000E)
    .ARM.Collect$$libinit$$00000011          0x080001a6   Section        0  libinit2.o(.ARM.Collect$$libinit$$00000011)
    .ARM.Collect$$libinit$$00000013          0x080001a6   Section        0  libinit2.o(.ARM.Collect$$libinit$$00000013)
    .ARM.Collect$$libinit$$00000015          0x080001a6   Section        0  libinit2.o(.ARM.Collect$$libinit$$00000015)
    .ARM.Collect$$libinit$$00000017          0x080001a6   Section        0  libinit2.o(.ARM.Collect$$libinit$$00000017)
    .ARM.Collect$$libinit$$00000019          0x080001a6   Section        0  libinit2.o(.ARM.Collect$$libinit$$00000019)
    .ARM.Collect$$libinit$$0000001B          0x080001a6   Section        0  libinit2.o(.ARM.Collect$$libinit$$0000001B)
    .ARM.Collect$$libinit$$0000001D          0x080001a6   Section        0  libinit2.o(.ARM.Collect$$libinit$$0000001D)
    .ARM.Collect$$libinit$$0000001F          0x080001a6   Section        0  libinit2.o(.ARM.Collect$$libinit$$0000001F)
    .ARM.Collect$$libinit$$00000021          0x080001a6   Section        0  libinit2.o(.ARM.Collect$$libinit$$00000021)
    .ARM.Collect$$libinit$$00000023          0x080001a6   Section        0  libinit2.o(.ARM.Collect$$libinit$$00000023)
    .ARM.Collect$$libinit$$00000025          0x080001a6   Section        0  libinit2.o(.ARM.Collect$$libinit$$00000025)
    .ARM.Collect$$libinit$$0000002C          0x080001a6   Section        0  libinit2.o(.ARM.Collect$$libinit$$0000002C)
    .ARM.Collect$$libinit$$0000002E          0x080001a6   Section        0  libinit2.o(.ARM.Collect$$libinit$$0000002E)
    .ARM.Collect$$libinit$$00000030          0x080001a6   Section        0  libinit2.o(.ARM.Collect$$libinit$$00000030)
    .ARM.Collect$$libinit$$00000032          0x080001a6   Section        0  libinit2.o(.ARM.Collect$$libinit$$00000032)
    .ARM.Collect$$libinit$$00000033          0x080001a6   Section        2  libinit2.o(.ARM.Collect$$libinit$$00000033)
    .ARM.Collect$$libshutdown$$00000000      0x080001a8   Section        2  libshutdown.o(.ARM.Collect$$libshutdown$$00000000)
    .ARM.Collect$$libshutdown$$00000002      0x080001aa   Section        0  libshutdown2.o(.ARM.Collect$$libshutdown$$00000002)
    .ARM.Collect$$libshutdown$$00000004      0x080001aa   Section        0  libshutdown2.o(.ARM.Collect$$libshutdown$$00000004)
    .ARM.Collect$$libshutdown$$00000006      0x080001aa   Section        0  libshutdown2.o(.ARM.Collect$$libshutdown$$00000006)
    .ARM.Collect$$libshutdown$$00000009      0x080001aa   Section        0  libshutdown2.o(.ARM.Collect$$libshutdown$$00000009)
    .ARM.Collect$$libshutdown$$0000000C      0x080001aa   Section        0  libshutdown2.o(.ARM.Collect$$libshutdown$$0000000C)
    .ARM.Collect$$libshutdown$$0000000E      0x080001aa   Section        0  libshutdown2.o(.ARM.Collect$$libshutdown$$0000000E)
    .ARM.Collect$$libshutdown$$00000011      0x080001aa   Section        0  libshutdown2.o(.ARM.Collect$$libshutdown$$00000011)
    .ARM.Collect$$libshutdown$$00000012      0x080001aa   Section        2  libshutdown2.o(.ARM.Collect$$libshutdown$$00000012)
    .ARM.Collect$$rtentry$$00000000          0x080001ac   Section        0  __rtentry.o(.ARM.Collect$$rtentry$$00000000)
    .ARM.Collect$$rtentry$$00000002          0x080001ac   Section        0  __rtentry2.o(.ARM.Collect$$rtentry$$00000002)
    .ARM.Collect$$rtentry$$00000004          0x080001ac   Section        6  __rtentry4.o(.ARM.Collect$$rtentry$$00000004)
    .ARM.Collect$$rtentry$$00000009          0x080001b2   Section        0  __rtentry2.o(.ARM.Collect$$rtentry$$00000009)
    .ARM.Collect$$rtentry$$0000000A          0x080001b2   Section        4  __rtentry2.o(.ARM.Collect$$rtentry$$0000000A)
    .ARM.Collect$$rtentry$$0000000C          0x080001b6   Section        0  __rtentry2.o(.ARM.Collect$$rtentry$$0000000C)
    .ARM.Collect$$rtentry$$0000000D          0x080001b6   Section        8  __rtentry2.o(.ARM.Collect$$rtentry$$0000000D)
    .ARM.Collect$$rtexit$$00000000           0x080001be   Section        2  rtexit.o(.ARM.Collect$$rtexit$$00000000)
    .ARM.Collect$$rtexit$$00000002           0x080001c0   Section        0  rtexit2.o(.ARM.Collect$$rtexit$$00000002)
    .ARM.Collect$$rtexit$$00000003           0x080001c0   Section        4  rtexit2.o(.ARM.Collect$$rtexit$$00000003)
    .ARM.Collect$$rtexit$$00000004           0x080001c4   Section        6  rtexit2.o(.ARM.Collect$$rtexit$$00000004)
    .text                                    0x080001cc   Section       64  startup_stm32f10x_hd.o(.text)
    .text                                    0x0800020c   Section        2  use_no_semi_2.o(.text)
    .text                                    0x0800020e   Section        0  heapauxi.o(.text)
    .text                                    0x08000214   Section        2  use_no_semi.o(.text)
    .text                                    0x08000216   Section       74  sys_stackheap_outer.o(.text)
    .text                                    0x08000260   Section        0  exit.o(.text)
    .text                                    0x08000274   Section        8  libspace.o(.text)
    i.Back                                   0x0800027c   Section        0  usart3.o(i.Back)
    i.Bluetooth                              0x080002b4   Section        0  usart3.o(i.Bluetooth)
    i.BusFault_Handler                       0x08000428   Section        0  stm32f10x_it.o(i.BusFault_Handler)
    i.ControlSpeed                           0x0800042c   Section        0  usart3.o(i.ControlSpeed)
    i.DebugMon_Handler                       0x08000474   Section        0  stm32f10x_it.o(i.DebugMon_Handler)
    i.DownLeft                               0x08000478   Section        0  usart3.o(i.DownLeft)
    i.DownRight                              0x08000490   Section        0  usart3.o(i.DownRight)
    i.Encoder_Init_TIM                       0x080004b4   Section        0  encoder.o(i.Encoder_Init_TIM)
    i.Encoder_Init_TIM2                      0x080004c8   Section        0  encoder.o(i.Encoder_Init_TIM2)
    i.Encoder_Init_TIM3                      0x080005c4   Section        0  encoder.o(i.Encoder_Init_TIM3)
    i.Encoder_Init_TIM4                      0x08000688   Section        0  encoder.o(i.Encoder_Init_TIM4)
    i.Encoder_Init_TIM5                      0x0800074c   Section        0  encoder.o(i.Encoder_Init_TIM5)
    i.GPIO_Init                              0x08000810   Section        0  stm32f10x_gpio.o(i.GPIO_Init)
    i.GPIO_PinRemapConfig                    0x08000928   Section        0  stm32f10x_gpio.o(i.GPIO_PinRemapConfig)
    i.GPIO_ReadInputDataBit                  0x080009b8   Section        0  stm32f10x_gpio.o(i.GPIO_ReadInputDataBit)
    i.GoAhead                                0x080009cc   Section        0  usart3.o(i.GoAhead)
    i.HardFault_Handler                      0x080009e4   Section        0  stm32f10x_it.o(i.HardFault_Handler)
    i.Incremental_PID1                       0x080009e8   Section        0  pid.o(i.Incremental_PID1)
    i.Incremental_PID2                       0x08000ac4   Section        0  pid.o(i.Incremental_PID2)
    i.Incremental_PID3                       0x08000ba0   Section        0  pid.o(i.Incremental_PID3)
    i.Incremental_PID4                       0x08000c7c   Section        0  pid.o(i.Incremental_PID4)
    i.Left                                   0x08000d58   Section        0  usart3.o(i.Left)
    i.LeftSpin                               0x08000d80   Section        0  usart3.o(i.LeftSpin)
    i.MemManage_Handler                      0x08000e64   Section        0  stm32f10x_it.o(i.MemManage_Handler)
    i.NMI_Handler                            0x08000e68   Section        0  stm32f10x_it.o(i.NMI_Handler)
    i.NVIC_Init                              0x08000e6c   Section        0  misc.o(i.NVIC_Init)
    i.NVIC_PriorityGroupConfig               0x08000edc   Section        0  misc.o(i.NVIC_PriorityGroupConfig)
    i.PWM_Init_TIM1                          0x08000ef0   Section        0  pwm.o(i.PWM_Init_TIM1)
    i.PWM_Init_TIM8                          0x08000fa4   Section        0  pwm.o(i.PWM_Init_TIM8)
    i.PendSV_Handler                         0x080010bc   Section        0  stm32f10x_it.o(i.PendSV_Handler)
    i.RCC_APB1PeriphClockCmd                 0x080010c0   Section        0  stm32f10x_rcc.o(i.RCC_APB1PeriphClockCmd)
    i.RCC_APB1PeriphResetCmd                 0x080010e0   Section        0  stm32f10x_rcc.o(i.RCC_APB1PeriphResetCmd)
    i.RCC_APB2PeriphClockCmd                 0x08001100   Section        0  stm32f10x_rcc.o(i.RCC_APB2PeriphClockCmd)
    i.RCC_APB2PeriphResetCmd                 0x08001120   Section        0  stm32f10x_rcc.o(i.RCC_APB2PeriphResetCmd)
    i.RCC_GetClocksFreq                      0x08001140   Section        0  stm32f10x_rcc.o(i.RCC_GetClocksFreq)
    i.Read_Encoder                           0x08001214   Section        0  encoder.o(i.Read_Encoder)
    i.Right                                  0x0800129c   Section        0  usart3.o(i.Right)
    i.RightSpin                              0x080012c4   Section        0  usart3.o(i.RightSpin)
    i.SVC_Handler                            0x080013a8   Section        0  stm32f10x_it.o(i.SVC_Handler)
    i.SetSysClock                            0x080013aa   Section        0  system_stm32f10x.o(i.SetSysClock)
    SetSysClock                              0x080013ab   Thumb Code     8  system_stm32f10x.o(i.SetSysClock)
    i.SetSysClockTo72                        0x080013b4   Section        0  system_stm32f10x.o(i.SetSysClockTo72)
    SetSysClockTo72                          0x080013b5   Thumb Code   214  system_stm32f10x.o(i.SetSysClockTo72)
    i.Set_Pwm1                               0x08001494   Section        0  pid.o(i.Set_Pwm1)
    i.Set_Pwm2                               0x080014d4   Section        0  pid.o(i.Set_Pwm2)
    i.Set_Pwm3                               0x08001514   Section        0  pid.o(i.Set_Pwm3)
    i.Set_Pwm4                               0x08001554   Section        0  pid.o(i.Set_Pwm4)
    i.Stop                                   0x08001594   Section        0  usart3.o(i.Stop)
    i.SysTick_CLKSourceConfig                0x080015a4   Section        0  misc.o(i.SysTick_CLKSourceConfig)
    i.SysTick_Handler                        0x080015cc   Section        0  stm32f10x_it.o(i.SysTick_Handler)
    i.SystemInit                             0x080015d0   Section        0  system_stm32f10x.o(i.SystemInit)
    i.TI1_Config                             0x08001630   Section        0  stm32f10x_tim.o(i.TI1_Config)
    TI1_Config                               0x08001631   Thumb Code   108  stm32f10x_tim.o(i.TI1_Config)
    i.TI2_Config                             0x080016b0   Section        0  stm32f10x_tim.o(i.TI2_Config)
    TI2_Config                               0x080016b1   Thumb Code   130  stm32f10x_tim.o(i.TI2_Config)
    i.TI3_Config                             0x08001748   Section        0  stm32f10x_tim.o(i.TI3_Config)
    TI3_Config                               0x08001749   Thumb Code   122  stm32f10x_tim.o(i.TI3_Config)
    i.TI4_Config                             0x080017d8   Section        0  stm32f10x_tim.o(i.TI4_Config)
    TI4_Config                               0x080017d9   Thumb Code   130  stm32f10x_tim.o(i.TI4_Config)
    i.TIM6_IRQHandler                        0x08001870   Section        0  timer.o(i.TIM6_IRQHandler)
    i.TIM6_Init                              0x08001944   Section        0  timer.o(i.TIM6_Init)
    i.TIM_ARRPreloadConfig                   0x080019a8   Section        0  stm32f10x_tim.o(i.TIM_ARRPreloadConfig)
    i.TIM_ClearFlag                          0x080019c0   Section        0  stm32f10x_tim.o(i.TIM_ClearFlag)
    i.TIM_ClearITPendingBit                  0x080019c6   Section        0  stm32f10x_tim.o(i.TIM_ClearITPendingBit)
    i.TIM_Cmd                                0x080019cc   Section        0  stm32f10x_tim.o(i.TIM_Cmd)
    i.TIM_CtrlPWMOutputs                     0x080019e4   Section        0  stm32f10x_tim.o(i.TIM_CtrlPWMOutputs)
    i.TIM_EncoderInterfaceConfig             0x08001a02   Section        0  stm32f10x_tim.o(i.TIM_EncoderInterfaceConfig)
    i.TIM_GetFlagStatus                      0x08001a44   Section        0  stm32f10x_tim.o(i.TIM_GetFlagStatus)
    i.TIM_ICInit                             0x08001a58   Section        0  stm32f10x_tim.o(i.TIM_ICInit)
    i.TIM_ITConfig                           0x08001b04   Section        0  stm32f10x_tim.o(i.TIM_ITConfig)
    i.TIM_OC1Init                            0x08001b18   Section        0  stm32f10x_tim.o(i.TIM_OC1Init)
    i.TIM_OC1PreloadConfig                   0x08001bb0   Section        0  stm32f10x_tim.o(i.TIM_OC1PreloadConfig)
    i.TIM_OC2Init                            0x08001bc4   Section        0  stm32f10x_tim.o(i.TIM_OC2Init)
    i.TIM_OC2PreloadConfig                   0x08001c68   Section        0  stm32f10x_tim.o(i.TIM_OC2PreloadConfig)
    i.TIM_OC3Init                            0x08001c84   Section        0  stm32f10x_tim.o(i.TIM_OC3Init)
    i.TIM_OC3PreloadConfig                   0x08001d24   Section        0  stm32f10x_tim.o(i.TIM_OC3PreloadConfig)
    i.TIM_OC4Init                            0x08001d38   Section        0  stm32f10x_tim.o(i.TIM_OC4Init)
    i.TIM_OC4PreloadConfig                   0x08001db4   Section        0  stm32f10x_tim.o(i.TIM_OC4PreloadConfig)
    i.TIM_SetCompare1                        0x08001dce   Section        0  stm32f10x_tim.o(i.TIM_SetCompare1)
    i.TIM_SetCompare2                        0x08001dd2   Section        0  stm32f10x_tim.o(i.TIM_SetCompare2)
    i.TIM_SetCounter                         0x08001dd6   Section        0  stm32f10x_tim.o(i.TIM_SetCounter)
    i.TIM_SetIC1Prescaler                    0x08001dda   Section        0  stm32f10x_tim.o(i.TIM_SetIC1Prescaler)
    i.TIM_SetIC2Prescaler                    0x08001dec   Section        0  stm32f10x_tim.o(i.TIM_SetIC2Prescaler)
    i.TIM_SetIC3Prescaler                    0x08001e06   Section        0  stm32f10x_tim.o(i.TIM_SetIC3Prescaler)
    i.TIM_SetIC4Prescaler                    0x08001e18   Section        0  stm32f10x_tim.o(i.TIM_SetIC4Prescaler)
    i.TIM_TimeBaseInit                       0x08001e34   Section        0  stm32f10x_tim.o(i.TIM_TimeBaseInit)
    i.Track                                  0x08001ed8   Section        0  track.o(i.Track)
    i.Track_Init                             0x0800256c   Section        0  track.o(i.Track_Init)
    i.USART1_IRQHandler                      0x08002598   Section        0  usart.o(i.USART1_IRQHandler)
    i.USART2_IRQHandler                      0x08002620   Section        0  usart2.o(i.USART2_IRQHandler)
    i.USART3_IRQHandler                      0x0800265c   Section        0  usart3.o(i.USART3_IRQHandler)
    i.USART_ClearITPendingBit                0x08002694   Section        0  stm32f10x_usart.o(i.USART_ClearITPendingBit)
    i.USART_Cmd                              0x080026b2   Section        0  stm32f10x_usart.o(i.USART_Cmd)
    i.USART_DeInit                           0x080026cc   Section        0  stm32f10x_usart.o(i.USART_DeInit)
    i.USART_GetITStatus                      0x08002768   Section        0  stm32f10x_usart.o(i.USART_GetITStatus)
    i.USART_ITConfig                         0x080027bc   Section        0  stm32f10x_usart.o(i.USART_ITConfig)
    i.USART_Init                             0x08002808   Section        0  stm32f10x_usart.o(i.USART_Init)
    i.USART_ReceiveData                      0x080028e0   Section        0  stm32f10x_usart.o(i.USART_ReceiveData)
    i.UpLeft                                 0x080028ec   Section        0  usart3.o(i.UpLeft)
    i.UpRight                                0x08002910   Section        0  usart3.o(i.UpRight)
    i.UsageFault_Handler                     0x08002928   Section        0  stm32f10x_it.o(i.UsageFault_Handler)
    i._sys_exit                              0x0800292c   Section        0  usart.o(i._sys_exit)
    i.angle                                  0x08002930   Section        0  pwm.o(i.angle)
    i.clamp                                  0x08002974   Section        0  usart3.o(i.clamp)
    i.delay_init                             0x08002980   Section        0  delay.o(i.delay_init)
    i.delay_ms                               0x080029c4   Section        0  delay.o(i.delay_ms)
    i.down                                   0x08002a10   Section        0  usart3.o(i.down)
    i.main                                   0x08002a20   Section        0  main.o(i.main)
    i.myabs                                  0x08002ac4   Section        0  pid.o(i.myabs)
    i.off                                    0x08002ad4   Section        0  usart3.o(i.off)
    i.release                                0x08002ae4   Section        0  usart3.o(i.release)
    i.up                                     0x08002af4   Section        0  usart3.o(i.up)
    i.usart2_init                            0x08002b04   Section        0  usart2.o(i.usart2_init)
    i.usart3_init                            0x08002ba8   Section        0  usart3.o(i.usart3_init)
    x$fpl$d2f                                0x08002c54   Section       98  d2f.o(x$fpl$d2f)
    x$fpl$dadd                               0x08002cb8   Section      336  daddsub_clz.o(x$fpl$dadd)
    _dadd1                                   0x08002cc9   Thumb Code     0  daddsub_clz.o(x$fpl$dadd)
    x$fpl$dmul                               0x08002e08   Section      340  dmul.o(x$fpl$dmul)
    x$fpl$dnaninf                            0x08002f5c   Section      156  dnaninf.o(x$fpl$dnaninf)
    x$fpl$dretinf                            0x08002ff8   Section       12  dretinf.o(x$fpl$dretinf)
    x$fpl$dsub                               0x08003004   Section      468  daddsub_clz.o(x$fpl$dsub)
    _dsub1                                   0x08003015   Thumb Code     0  daddsub_clz.o(x$fpl$dsub)
    x$fpl$f2d                                0x080031d8   Section       86  f2d.o(x$fpl$f2d)
    x$fpl$fadd                               0x08003230   Section      196  faddsub_clz.o(x$fpl$fadd)
    _fadd1                                   0x0800323f   Thumb Code     0  faddsub_clz.o(x$fpl$fadd)
    x$fpl$fcmpinf                            0x080032f4   Section       24  fcmpi.o(x$fpl$fcmpinf)
    x$fpl$fdiv                               0x0800330c   Section      388  fdiv.o(x$fpl$fdiv)
    _fdiv1                                   0x0800330d   Thumb Code     0  fdiv.o(x$fpl$fdiv)
    x$fpl$ffix                               0x08003490   Section       54  ffix.o(x$fpl$ffix)
    x$fpl$ffixu                              0x080034c8   Section       62  ffixu.o(x$fpl$ffixu)
    x$fpl$fflt                               0x08003508   Section       48  fflt_clz.o(x$fpl$fflt)
    x$fpl$fleqf                              0x08003538   Section      104  fleqf.o(x$fpl$fleqf)
    x$fpl$fmul                               0x080035a0   Section      258  fmul.o(x$fpl$fmul)
    x$fpl$fnaninf                            0x080036a2   Section      140  fnaninf.o(x$fpl$fnaninf)
    x$fpl$fretinf                            0x0800372e   Section       10  fretinf.o(x$fpl$fretinf)
    x$fpl$frleqf                             0x08003738   Section       98  frleqf.o(x$fpl$frleqf)
    x$fpl$frsb                               0x0800379a   Section       20  faddsub_clz.o(x$fpl$frsb)
    x$fpl$fsub                               0x080037b0   Section      234  faddsub_clz.o(x$fpl$fsub)
    _fsub1                                   0x080037bf   Thumb Code     0  faddsub_clz.o(x$fpl$fsub)
    x$fpl$usenofp                            0x0800389a   Section        0  usenofp.o(x$fpl$usenofp)
    .data                                    0x20000000   Section        4  main.o(.data)
    .data                                    0x20000004   Section       20  system_stm32f10x.o(.data)
    .data                                    0x20000018   Section        4  delay.o(.data)
    fac_us                                   0x20000018   Data           1  delay.o(.data)
    fac_ms                                   0x2000001a   Data           2  delay.o(.data)
    .data                                    0x2000001c   Section        6  usart.o(.data)
    .data                                    0x20000022   Section       20  stm32f10x_rcc.o(.data)
    APBAHBPrescTable                         0x20000022   Data          16  stm32f10x_rcc.o(.data)
    ADCPrescTable                            0x20000032   Data           4  stm32f10x_rcc.o(.data)
    .data                                    0x20000038   Section       96  pid.o(.data)
    .data                                    0x20000098   Section        8  usart3.o(.data)
    .data                                    0x200000a0   Section       20  track.o(.data)
    .data                                    0x200000b4   Section        8  usart2.o(.data)
    .bss                                     0x200000bc   Section      200  usart.o(.bss)
    .bss                                     0x20000184   Section       96  pid.o(.bss)
    .bss                                     0x200001e4   Section       96  libspace.o(.bss)
    HEAP                                     0x20000248   Section      512  startup_stm32f10x_hd.o(HEAP)
    Heap_Mem                                 0x20000248   Data         512  startup_stm32f10x_hd.o(HEAP)
    STACK                                    0x20000448   Section     1024  startup_stm32f10x_hd.o(STACK)
    Stack_Mem                                0x20000448   Data        1024  startup_stm32f10x_hd.o(STACK)
    __initial_sp                             0x20000848   Data           0  startup_stm32f10x_hd.o(STACK)

    Global Symbols

    Symbol Name                              Value     Ov Type        Size  Object(Section)

    BuildAttributes$$THM_ISAv4$P$D$K$B$S$PE$A:L22UL41UL21$X:L11$S22US41US21$IEEE1$IW$USESV6$~STKCKD$USESV7$~SHL$OSPACE$ROPI$EBA8$UX$STANDARDLIB$REQ8$PRES8$EABIv2 0x00000000   Number         0  anon$$obj.o ABSOLUTE
    __ARM_use_no_argv                        0x00000000   Number         0  main.o ABSOLUTE
    __ARM_exceptions_init                     - Undefined Weak Reference
    __alloca_initialize                       - Undefined Weak Reference
    __arm_fini_                               - Undefined Weak Reference
    __arm_preinit_                            - Undefined Weak Reference
    __cpp_initialize__aeabi_                  - Undefined Weak Reference
    __cxa_finalize                            - Undefined Weak Reference
    __rt_locale                               - Undefined Weak Reference
    __sigvec_lookup                           - Undefined Weak Reference
    _atexit_init                              - Undefined Weak Reference
    _call_atexit_fns                          - Undefined Weak Reference
    _clock_init                               - Undefined Weak Reference
    _fp_trap_init                             - Undefined Weak Reference
    _fp_trap_shutdown                         - Undefined Weak Reference
    _get_lc_collate                           - Undefined Weak Reference
    _get_lc_ctype                             - Undefined Weak Reference
    _get_lc_monetary                          - Undefined Weak Reference
    _get_lc_numeric                           - Undefined Weak Reference
    _get_lc_time                              - Undefined Weak Reference
    _getenv_init                              - Undefined Weak Reference
    _handle_redirection                       - Undefined Weak Reference
    _init_alloc                               - Undefined Weak Reference
    _init_user_alloc                          - Undefined Weak Reference
    _initio                                   - Undefined Weak Reference
    _rand_init                                - Undefined Weak Reference
    _signal_finish                            - Undefined Weak Reference
    _signal_init                              - Undefined Weak Reference
    _terminate_alloc                          - Undefined Weak Reference
    _terminate_user_alloc                     - Undefined Weak Reference
    _terminateio                              - Undefined Weak Reference
    __Vectors_Size                           0x00000130   Number         0  startup_stm32f10x_hd.o ABSOLUTE
    __Vectors                                0x08000000   Data           4  startup_stm32f10x_hd.o(RESET)
    __Vectors_End                            0x08000130   Data           0  startup_stm32f10x_hd.o(RESET)
    __main                                   0x08000131   Thumb Code     8  __main.o(!!!main)
    __scatterload                            0x08000139   Thumb Code     0  __scatter.o(!!!scatter)
    __scatterload_rt2                        0x08000139   Thumb Code    44  __scatter.o(!!!scatter)
    __scatterload_rt2_thumb_only             0x08000139   Thumb Code     0  __scatter.o(!!!scatter)
    __scatterload_null                       0x08000147   Thumb Code     0  __scatter.o(!!!scatter)
    __scatterload_copy                       0x0800016d   Thumb Code    26  __scatter_copy.o(!!handler_copy)
    __scatterload_zeroinit                   0x08000189   Thumb Code    28  __scatter_zi.o(!!handler_zi)
    __rt_lib_init                            0x080001a5   Thumb Code     0  libinit.o(.ARM.Collect$$libinit$$00000000)
    __rt_lib_init_alloca_1                   0x080001a7   Thumb Code     0  libinit2.o(.ARM.Collect$$libinit$$0000002E)
    __rt_lib_init_argv_1                     0x080001a7   Thumb Code     0  libinit2.o(.ARM.Collect$$libinit$$0000002C)
    __rt_lib_init_atexit_1                   0x080001a7   Thumb Code     0  libinit2.o(.ARM.Collect$$libinit$$0000001B)
    __rt_lib_init_clock_1                    0x080001a7   Thumb Code     0  libinit2.o(.ARM.Collect$$libinit$$00000021)
    __rt_lib_init_cpp_1                      0x080001a7   Thumb Code     0  libinit2.o(.ARM.Collect$$libinit$$00000032)
    __rt_lib_init_exceptions_1               0x080001a7   Thumb Code     0  libinit2.o(.ARM.Collect$$libinit$$00000030)
    __rt_lib_init_fp_1                       0x080001a7   Thumb Code     0  libinit2.o(.ARM.Collect$$libinit$$00000002)
    __rt_lib_init_fp_trap_1                  0x080001a7   Thumb Code     0  libinit2.o(.ARM.Collect$$libinit$$0000001F)
    __rt_lib_init_getenv_1                   0x080001a7   Thumb Code     0  libinit2.o(.ARM.Collect$$libinit$$00000023)
    __rt_lib_init_heap_1                     0x080001a7   Thumb Code     0  libinit2.o(.ARM.Collect$$libinit$$0000000A)
    __rt_lib_init_lc_collate_1               0x080001a7   Thumb Code     0  libinit2.o(.ARM.Collect$$libinit$$00000011)
    __rt_lib_init_lc_ctype_1                 0x080001a7   Thumb Code     0  libinit2.o(.ARM.Collect$$libinit$$00000013)
    __rt_lib_init_lc_monetary_1              0x080001a7   Thumb Code     0  libinit2.o(.ARM.Collect$$libinit$$00000015)
    __rt_lib_init_lc_numeric_1               0x080001a7   Thumb Code     0  libinit2.o(.ARM.Collect$$libinit$$00000017)
    __rt_lib_init_lc_time_1                  0x080001a7   Thumb Code     0  libinit2.o(.ARM.Collect$$libinit$$00000019)
    __rt_lib_init_preinit_1                  0x080001a7   Thumb Code     0  libinit2.o(.ARM.Collect$$libinit$$00000004)
    __rt_lib_init_rand_1                     0x080001a7   Thumb Code     0  libinit2.o(.ARM.Collect$$libinit$$0000000E)
    __rt_lib_init_return                     0x080001a7   Thumb Code     0  libinit2.o(.ARM.Collect$$libinit$$00000033)
    __rt_lib_init_signal_1                   0x080001a7   Thumb Code     0  libinit2.o(.ARM.Collect$$libinit$$0000001D)
    __rt_lib_init_stdio_1                    0x080001a7   Thumb Code     0  libinit2.o(.ARM.Collect$$libinit$$00000025)
    __rt_lib_init_user_alloc_1               0x080001a7   Thumb Code     0  libinit2.o(.ARM.Collect$$libinit$$0000000C)
    __rt_lib_shutdown                        0x080001a9   Thumb Code     0  libshutdown.o(.ARM.Collect$$libshutdown$$00000000)
    __rt_lib_shutdown_cpp_1                  0x080001ab   Thumb Code     0  libshutdown2.o(.ARM.Collect$$libshutdown$$00000004)
    __rt_lib_shutdown_fini_1                 0x080001ab   Thumb Code     0  libshutdown2.o(.ARM.Collect$$libshutdown$$00000002)
    __rt_lib_shutdown_fp_trap_1              0x080001ab   Thumb Code     0  libshutdown2.o(.ARM.Collect$$libshutdown$$00000009)
    __rt_lib_shutdown_heap_1                 0x080001ab   Thumb Code     0  libshutdown2.o(.ARM.Collect$$libshutdown$$00000011)
    __rt_lib_shutdown_return                 0x080001ab   Thumb Code     0  libshutdown2.o(.ARM.Collect$$libshutdown$$00000012)
    __rt_lib_shutdown_signal_1               0x080001ab   Thumb Code     0  libshutdown2.o(.ARM.Collect$$libshutdown$$0000000C)
    __rt_lib_shutdown_stdio_1                0x080001ab   Thumb Code     0  libshutdown2.o(.ARM.Collect$$libshutdown$$00000006)
    __rt_lib_shutdown_user_alloc_1           0x080001ab   Thumb Code     0  libshutdown2.o(.ARM.Collect$$libshutdown$$0000000E)
    __rt_entry                               0x080001ad   Thumb Code     0  __rtentry.o(.ARM.Collect$$rtentry$$00000000)
    __rt_entry_presh_1                       0x080001ad   Thumb Code     0  __rtentry2.o(.ARM.Collect$$rtentry$$00000002)
    __rt_entry_sh                            0x080001ad   Thumb Code     0  __rtentry4.o(.ARM.Collect$$rtentry$$00000004)
    __rt_entry_li                            0x080001b3   Thumb Code     0  __rtentry2.o(.ARM.Collect$$rtentry$$0000000A)
    __rt_entry_postsh_1                      0x080001b3   Thumb Code     0  __rtentry2.o(.ARM.Collect$$rtentry$$00000009)
    __rt_entry_main                          0x080001b7   Thumb Code     0  __rtentry2.o(.ARM.Collect$$rtentry$$0000000D)
    __rt_entry_postli_1                      0x080001b7   Thumb Code     0  __rtentry2.o(.ARM.Collect$$rtentry$$0000000C)
    __rt_exit                                0x080001bf   Thumb Code     0  rtexit.o(.ARM.Collect$$rtexit$$00000000)
    __rt_exit_ls                             0x080001c1   Thumb Code     0  rtexit2.o(.ARM.Collect$$rtexit$$00000003)
    __rt_exit_prels_1                        0x080001c1   Thumb Code     0  rtexit2.o(.ARM.Collect$$rtexit$$00000002)
    __rt_exit_exit                           0x080001c5   Thumb Code     0  rtexit2.o(.ARM.Collect$$rtexit$$00000004)
    Reset_Handler                            0x080001cd   Thumb Code     8  startup_stm32f10x_hd.o(.text)
    ADC1_2_IRQHandler                        0x080001e7   Thumb Code     0  startup_stm32f10x_hd.o(.text)
    ADC3_IRQHandler                          0x080001e7   Thumb Code     0  startup_stm32f10x_hd.o(.text)
    CAN1_RX1_IRQHandler                      0x080001e7   Thumb Code     0  startup_stm32f10x_hd.o(.text)
    CAN1_SCE_IRQHandler                      0x080001e7   Thumb Code     0  startup_stm32f10x_hd.o(.text)
    DMA1_Channel1_IRQHandler                 0x080001e7   Thumb Code     0  startup_stm32f10x_hd.o(.text)
    DMA1_Channel2_IRQHandler                 0x080001e7   Thumb Code     0  startup_stm32f10x_hd.o(.text)
    DMA1_Channel3_IRQHandler                 0x080001e7   Thumb Code     0  startup_stm32f10x_hd.o(.text)
    DMA1_Channel4_IRQHandler                 0x080001e7   Thumb Code     0  startup_stm32f10x_hd.o(.text)
    DMA1_Channel5_IRQHandler                 0x080001e7   Thumb Code     0  startup_stm32f10x_hd.o(.text)
    DMA1_Channel6_IRQHandler                 0x080001e7   Thumb Code     0  startup_stm32f10x_hd.o(.text)
    DMA1_Channel7_IRQHandler                 0x080001e7   Thumb Code     0  startup_stm32f10x_hd.o(.text)
    DMA2_Channel1_IRQHandler                 0x080001e7   Thumb Code     0  startup_stm32f10x_hd.o(.text)
    DMA2_Channel2_IRQHandler                 0x080001e7   Thumb Code     0  startup_stm32f10x_hd.o(.text)
    DMA2_Channel3_IRQHandler                 0x080001e7   Thumb Code     0  startup_stm32f10x_hd.o(.text)
    DMA2_Channel4_5_IRQHandler               0x080001e7   Thumb Code     0  startup_stm32f10x_hd.o(.text)
    EXTI0_IRQHandler                         0x080001e7   Thumb Code     0  startup_stm32f10x_hd.o(.text)
    EXTI15_10_IRQHandler                     0x080001e7   Thumb Code     0  startup_stm32f10x_hd.o(.text)
    EXTI1_IRQHandler                         0x080001e7   Thumb Code     0  startup_stm32f10x_hd.o(.text)
    EXTI2_IRQHandler                         0x080001e7   Thumb Code     0  startup_stm32f10x_hd.o(.text)
    EXTI3_IRQHandler                         0x080001e7   Thumb Code     0  startup_stm32f10x_hd.o(.text)
    EXTI4_IRQHandler                         0x080001e7   Thumb Code     0  startup_stm32f10x_hd.o(.text)
    EXTI9_5_IRQHandler                       0x080001e7   Thumb Code     0  startup_stm32f10x_hd.o(.text)
    FLASH_IRQHandler                         0x080001e7   Thumb Code     0  startup_stm32f10x_hd.o(.text)
    FSMC_IRQHandler                          0x080001e7   Thumb Code     0  startup_stm32f10x_hd.o(.text)
    I2C1_ER_IRQHandler                       0x080001e7   Thumb Code     0  startup_stm32f10x_hd.o(.text)
    I2C1_EV_IRQHandler                       0x080001e7   Thumb Code     0  startup_stm32f10x_hd.o(.text)
    I2C2_ER_IRQHandler                       0x080001e7   Thumb Code     0  startup_stm32f10x_hd.o(.text)
    I2C2_EV_IRQHandler                       0x080001e7   Thumb Code     0  startup_stm32f10x_hd.o(.text)
    PVD_IRQHandler                           0x080001e7   Thumb Code     0  startup_stm32f10x_hd.o(.text)
    RCC_IRQHandler                           0x080001e7   Thumb Code     0  startup_stm32f10x_hd.o(.text)
    RTCAlarm_IRQHandler                      0x080001e7   Thumb Code     0  startup_stm32f10x_hd.o(.text)
    RTC_IRQHandler                           0x080001e7   Thumb Code     0  startup_stm32f10x_hd.o(.text)
    SDIO_IRQHandler                          0x080001e7   Thumb Code     0  startup_stm32f10x_hd.o(.text)
    SPI1_IRQHandler                          0x080001e7   Thumb Code     0  startup_stm32f10x_hd.o(.text)
    SPI2_IRQHandler                          0x080001e7   Thumb Code     0  startup_stm32f10x_hd.o(.text)
    SPI3_IRQHandler                          0x080001e7   Thumb Code     0  startup_stm32f10x_hd.o(.text)
    TAMPER_IRQHandler                        0x080001e7   Thumb Code     0  startup_stm32f10x_hd.o(.text)
    TIM1_BRK_IRQHandler                      0x080001e7   Thumb Code     0  startup_stm32f10x_hd.o(.text)
    TIM1_CC_IRQHandler                       0x080001e7   Thumb Code     0  startup_stm32f10x_hd.o(.text)
    TIM1_TRG_COM_IRQHandler                  0x080001e7   Thumb Code     0  startup_stm32f10x_hd.o(.text)
    TIM1_UP_IRQHandler                       0x080001e7   Thumb Code     0  startup_stm32f10x_hd.o(.text)
    TIM2_IRQHandler                          0x080001e7   Thumb Code     0  startup_stm32f10x_hd.o(.text)
    TIM3_IRQHandler                          0x080001e7   Thumb Code     0  startup_stm32f10x_hd.o(.text)
    TIM4_IRQHandler                          0x080001e7   Thumb Code     0  startup_stm32f10x_hd.o(.text)
    TIM5_IRQHandler                          0x080001e7   Thumb Code     0  startup_stm32f10x_hd.o(.text)
    TIM7_IRQHandler                          0x080001e7   Thumb Code     0  startup_stm32f10x_hd.o(.text)
    TIM8_BRK_IRQHandler                      0x080001e7   Thumb Code     0  startup_stm32f10x_hd.o(.text)
    TIM8_CC_IRQHandler                       0x080001e7   Thumb Code     0  startup_stm32f10x_hd.o(.text)
    TIM8_TRG_COM_IRQHandler                  0x080001e7   Thumb Code     0  startup_stm32f10x_hd.o(.text)
    TIM8_UP_IRQHandler                       0x080001e7   Thumb Code     0  startup_stm32f10x_hd.o(.text)
    UART4_IRQHandler                         0x080001e7   Thumb Code     0  startup_stm32f10x_hd.o(.text)
    UART5_IRQHandler                         0x080001e7   Thumb Code     0  startup_stm32f10x_hd.o(.text)
    USBWakeUp_IRQHandler                     0x080001e7   Thumb Code     0  startup_stm32f10x_hd.o(.text)
    USB_HP_CAN1_TX_IRQHandler                0x080001e7   Thumb Code     0  startup_stm32f10x_hd.o(.text)
    USB_LP_CAN1_RX0_IRQHandler               0x080001e7   Thumb Code     0  startup_stm32f10x_hd.o(.text)
    WWDG_IRQHandler                          0x080001e7   Thumb Code     0  startup_stm32f10x_hd.o(.text)
    __user_initial_stackheap                 0x080001e9   Thumb Code     0  startup_stm32f10x_hd.o(.text)
    __use_no_semihosting                     0x0800020d   Thumb Code     2  use_no_semi_2.o(.text)
    __use_two_region_memory                  0x0800020f   Thumb Code     2  heapauxi.o(.text)
    __rt_heap_escrow$2region                 0x08000211   Thumb Code     2  heapauxi.o(.text)
    __rt_heap_expand$2region                 0x08000213   Thumb Code     2  heapauxi.o(.text)
    __I$use$semihosting                      0x08000215   Thumb Code     0  use_no_semi.o(.text)
    __use_no_semihosting_swi                 0x08000215   Thumb Code     2  use_no_semi.o(.text)
    __user_setup_stackheap                   0x08000217   Thumb Code    74  sys_stackheap_outer.o(.text)
    exit                                     0x08000261   Thumb Code    18  exit.o(.text)
    __user_libspace                          0x08000275   Thumb Code     8  libspace.o(.text)
    __user_perproc_libspace                  0x08000275   Thumb Code     0  libspace.o(.text)
    __user_perthread_libspace                0x08000275   Thumb Code     0  libspace.o(.text)
    Back                                     0x0800027d   Thumb Code    52  usart3.o(i.Back)
    Bluetooth                                0x080002b5   Thumb Code   348  usart3.o(i.Bluetooth)
    BusFault_Handler                         0x08000429   Thumb Code     4  stm32f10x_it.o(i.BusFault_Handler)
    ControlSpeed                             0x0800042d   Thumb Code    56  usart3.o(i.ControlSpeed)
    DebugMon_Handler                         0x08000475   Thumb Code     2  stm32f10x_it.o(i.DebugMon_Handler)
    DownLeft                                 0x08000479   Thumb Code    18  usart3.o(i.DownLeft)
    DownRight                                0x08000491   Thumb Code    32  usart3.o(i.DownRight)
    Encoder_Init_TIM                         0x080004b5   Thumb Code    20  encoder.o(i.Encoder_Init_TIM)
    Encoder_Init_TIM2                        0x080004c9   Thumb Code   234  encoder.o(i.Encoder_Init_TIM2)
    Encoder_Init_TIM3                        0x080005c5   Thumb Code   186  encoder.o(i.Encoder_Init_TIM3)
    Encoder_Init_TIM4                        0x08000689   Thumb Code   186  encoder.o(i.Encoder_Init_TIM4)
    Encoder_Init_TIM5                        0x0800074d   Thumb Code   186  encoder.o(i.Encoder_Init_TIM5)
    GPIO_Init                                0x08000811   Thumb Code   278  stm32f10x_gpio.o(i.GPIO_Init)
    GPIO_PinRemapConfig                      0x08000929   Thumb Code   138  stm32f10x_gpio.o(i.GPIO_PinRemapConfig)
    GPIO_ReadInputDataBit                    0x080009b9   Thumb Code    18  stm32f10x_gpio.o(i.GPIO_ReadInputDataBit)
    GoAhead                                  0x080009cd   Thumb Code    18  usart3.o(i.GoAhead)
    HardFault_Handler                        0x080009e5   Thumb Code     4  stm32f10x_it.o(i.HardFault_Handler)
    Incremental_PID1                         0x080009e9   Thumb Code   196  pid.o(i.Incremental_PID1)
    Incremental_PID2                         0x08000ac5   Thumb Code   194  pid.o(i.Incremental_PID2)
    Incremental_PID3                         0x08000ba1   Thumb Code   194  pid.o(i.Incremental_PID3)
    Incremental_PID4                         0x08000c7d   Thumb Code   194  pid.o(i.Incremental_PID4)
    Left                                     0x08000d59   Thumb Code    34  usart3.o(i.Left)
    LeftSpin                                 0x08000d81   Thumb Code   216  usart3.o(i.LeftSpin)
    MemManage_Handler                        0x08000e65   Thumb Code     4  stm32f10x_it.o(i.MemManage_Handler)
    NMI_Handler                              0x08000e69   Thumb Code     2  stm32f10x_it.o(i.NMI_Handler)
    NVIC_Init                                0x08000e6d   Thumb Code   100  misc.o(i.NVIC_Init)
    NVIC_PriorityGroupConfig                 0x08000edd   Thumb Code    10  misc.o(i.NVIC_PriorityGroupConfig)
    PWM_Init_TIM1                            0x08000ef1   Thumb Code   168  pwm.o(i.PWM_Init_TIM1)
    PWM_Init_TIM8                            0x08000fa5   Thumb Code   264  pwm.o(i.PWM_Init_TIM8)
    PendSV_Handler                           0x080010bd   Thumb Code     2  stm32f10x_it.o(i.PendSV_Handler)
    RCC_APB1PeriphClockCmd                   0x080010c1   Thumb Code    26  stm32f10x_rcc.o(i.RCC_APB1PeriphClockCmd)
    RCC_APB1PeriphResetCmd                   0x080010e1   Thumb Code    26  stm32f10x_rcc.o(i.RCC_APB1PeriphResetCmd)
    RCC_APB2PeriphClockCmd                   0x08001101   Thumb Code    26  stm32f10x_rcc.o(i.RCC_APB2PeriphClockCmd)
    RCC_APB2PeriphResetCmd                   0x08001121   Thumb Code    26  stm32f10x_rcc.o(i.RCC_APB2PeriphResetCmd)
    RCC_GetClocksFreq                        0x08001141   Thumb Code   192  stm32f10x_rcc.o(i.RCC_GetClocksFreq)
    Read_Encoder                             0x08001215   Thumb Code   116  encoder.o(i.Read_Encoder)
    Right                                    0x0800129d   Thumb Code    34  usart3.o(i.Right)
    RightSpin                                0x080012c5   Thumb Code   216  usart3.o(i.RightSpin)
    SVC_Handler                              0x080013a9   Thumb Code     2  stm32f10x_it.o(i.SVC_Handler)
    Set_Pwm1                                 0x08001495   Thumb Code    50  pid.o(i.Set_Pwm1)
    Set_Pwm2                                 0x080014d5   Thumb Code    50  pid.o(i.Set_Pwm2)
    Set_Pwm3                                 0x08001515   Thumb Code    50  pid.o(i.Set_Pwm3)
    Set_Pwm4                                 0x08001555   Thumb Code    50  pid.o(i.Set_Pwm4)
    Stop                                     0x08001595   Thumb Code    16  usart3.o(i.Stop)
    SysTick_CLKSourceConfig                  0x080015a5   Thumb Code    40  misc.o(i.SysTick_CLKSourceConfig)
    SysTick_Handler                          0x080015cd   Thumb Code     2  stm32f10x_it.o(i.SysTick_Handler)
    SystemInit                               0x080015d1   Thumb Code    78  system_stm32f10x.o(i.SystemInit)
    TIM6_IRQHandler                          0x08001871   Thumb Code   160  timer.o(i.TIM6_IRQHandler)
    TIM6_Init                                0x08001945   Thumb Code    96  timer.o(i.TIM6_Init)
    TIM_ARRPreloadConfig                     0x080019a9   Thumb Code    24  stm32f10x_tim.o(i.TIM_ARRPreloadConfig)
    TIM_ClearFlag                            0x080019c1   Thumb Code     6  stm32f10x_tim.o(i.TIM_ClearFlag)
    TIM_ClearITPendingBit                    0x080019c7   Thumb Code     6  stm32f10x_tim.o(i.TIM_ClearITPendingBit)
    TIM_Cmd                                  0x080019cd   Thumb Code    24  stm32f10x_tim.o(i.TIM_Cmd)
    TIM_CtrlPWMOutputs                       0x080019e5   Thumb Code    30  stm32f10x_tim.o(i.TIM_CtrlPWMOutputs)
    TIM_EncoderInterfaceConfig               0x08001a03   Thumb Code    66  stm32f10x_tim.o(i.TIM_EncoderInterfaceConfig)
    TIM_GetFlagStatus                        0x08001a45   Thumb Code    18  stm32f10x_tim.o(i.TIM_GetFlagStatus)
    TIM_ICInit                               0x08001a59   Thumb Code   150  stm32f10x_tim.o(i.TIM_ICInit)
    TIM_ITConfig                             0x08001b05   Thumb Code    18  stm32f10x_tim.o(i.TIM_ITConfig)
    TIM_OC1Init                              0x08001b19   Thumb Code   132  stm32f10x_tim.o(i.TIM_OC1Init)
    TIM_OC1PreloadConfig                     0x08001bb1   Thumb Code    18  stm32f10x_tim.o(i.TIM_OC1PreloadConfig)
    TIM_OC2Init                              0x08001bc5   Thumb Code   154  stm32f10x_tim.o(i.TIM_OC2Init)
    TIM_OC2PreloadConfig                     0x08001c69   Thumb Code    26  stm32f10x_tim.o(i.TIM_OC2PreloadConfig)
    TIM_OC3Init                              0x08001c85   Thumb Code   150  stm32f10x_tim.o(i.TIM_OC3Init)
    TIM_OC3PreloadConfig                     0x08001d25   Thumb Code    18  stm32f10x_tim.o(i.TIM_OC3PreloadConfig)
    TIM_OC4Init                              0x08001d39   Thumb Code   114  stm32f10x_tim.o(i.TIM_OC4Init)
    TIM_OC4PreloadConfig                     0x08001db5   Thumb Code    26  stm32f10x_tim.o(i.TIM_OC4PreloadConfig)
    TIM_SetCompare1                          0x08001dcf   Thumb Code     4  stm32f10x_tim.o(i.TIM_SetCompare1)
    TIM_SetCompare2                          0x08001dd3   Thumb Code     4  stm32f10x_tim.o(i.TIM_SetCompare2)
    TIM_SetCounter                           0x08001dd7   Thumb Code     4  stm32f10x_tim.o(i.TIM_SetCounter)
    TIM_SetIC1Prescaler                      0x08001ddb   Thumb Code    18  stm32f10x_tim.o(i.TIM_SetIC1Prescaler)
    TIM_SetIC2Prescaler                      0x08001ded   Thumb Code    26  stm32f10x_tim.o(i.TIM_SetIC2Prescaler)
    TIM_SetIC3Prescaler                      0x08001e07   Thumb Code    18  stm32f10x_tim.o(i.TIM_SetIC3Prescaler)
    TIM_SetIC4Prescaler                      0x08001e19   Thumb Code    26  stm32f10x_tim.o(i.TIM_SetIC4Prescaler)
    TIM_TimeBaseInit                         0x08001e35   Thumb Code   122  stm32f10x_tim.o(i.TIM_TimeBaseInit)
    Track                                    0x08001ed9   Thumb Code  1660  track.o(i.Track)
    Track_Init                               0x0800256d   Thumb Code    40  track.o(i.Track_Init)
    USART1_IRQHandler                        0x08002599   Thumb Code   122  usart.o(i.USART1_IRQHandler)
    USART2_IRQHandler                        0x08002621   Thumb Code    46  usart2.o(i.USART2_IRQHandler)
    USART3_IRQHandler                        0x0800265d   Thumb Code    42  usart3.o(i.USART3_IRQHandler)
    USART_ClearITPendingBit                  0x08002695   Thumb Code    30  stm32f10x_usart.o(i.USART_ClearITPendingBit)
    USART_Cmd                                0x080026b3   Thumb Code    24  stm32f10x_usart.o(i.USART_Cmd)
    USART_DeInit                             0x080026cd   Thumb Code   134  stm32f10x_usart.o(i.USART_DeInit)
    USART_GetITStatus                        0x08002769   Thumb Code    84  stm32f10x_usart.o(i.USART_GetITStatus)
    USART_ITConfig                           0x080027bd   Thumb Code    74  stm32f10x_usart.o(i.USART_ITConfig)
    USART_Init                               0x08002809   Thumb Code   210  stm32f10x_usart.o(i.USART_Init)
    USART_ReceiveData                        0x080028e1   Thumb Code    10  stm32f10x_usart.o(i.USART_ReceiveData)
    UpLeft                                   0x080028ed   Thumb Code    32  usart3.o(i.UpLeft)
    UpRight                                  0x08002911   Thumb Code    18  usart3.o(i.UpRight)
    UsageFault_Handler                       0x08002929   Thumb Code     4  stm32f10x_it.o(i.UsageFault_Handler)
    _sys_exit                                0x0800292d   Thumb Code     4  usart.o(i._sys_exit)
    angle                                    0x08002931   Thumb Code    50  pwm.o(i.angle)
    clamp                                    0x08002975   Thumb Code    10  usart3.o(i.clamp)
    delay_init                               0x08002981   Thumb Code    50  delay.o(i.delay_init)
    delay_ms                                 0x080029c5   Thumb Code    72  delay.o(i.delay_ms)
    down                                     0x08002a11   Thumb Code    12  usart3.o(i.down)
    main                                     0x08002a21   Thumb Code   148  main.o(i.main)
    myabs                                    0x08002ac5   Thumb Code    14  pid.o(i.myabs)
    off                                      0x08002ad5   Thumb Code    12  usart3.o(i.off)
    release                                  0x08002ae5   Thumb Code    10  usart3.o(i.release)
    up                                       0x08002af5   Thumb Code    12  usart3.o(i.up)
    usart2_init                              0x08002b05   Thumb Code   154  usart2.o(i.usart2_init)
    usart3_init                              0x08002ba9   Thumb Code   162  usart3.o(i.usart3_init)
    __aeabi_d2f                              0x08002c55   Thumb Code     0  d2f.o(x$fpl$d2f)
    _d2f                                     0x08002c55   Thumb Code    98  d2f.o(x$fpl$d2f)
    __aeabi_dadd                             0x08002cb9   Thumb Code     0  daddsub_clz.o(x$fpl$dadd)
    _dadd                                    0x08002cb9   Thumb Code   332  daddsub_clz.o(x$fpl$dadd)
    __aeabi_dmul                             0x08002e09   Thumb Code     0  dmul.o(x$fpl$dmul)
    _dmul                                    0x08002e09   Thumb Code   332  dmul.o(x$fpl$dmul)
    __fpl_dnaninf                            0x08002f5d   Thumb Code   156  dnaninf.o(x$fpl$dnaninf)
    __fpl_dretinf                            0x08002ff9   Thumb Code    12  dretinf.o(x$fpl$dretinf)
    __aeabi_dsub                             0x08003005   Thumb Code     0  daddsub_clz.o(x$fpl$dsub)
    _dsub                                    0x08003005   Thumb Code   464  daddsub_clz.o(x$fpl$dsub)
    __aeabi_f2d                              0x080031d9   Thumb Code     0  f2d.o(x$fpl$f2d)
    _f2d                                     0x080031d9   Thumb Code    86  f2d.o(x$fpl$f2d)
    __aeabi_fadd                             0x08003231   Thumb Code     0  faddsub_clz.o(x$fpl$fadd)
    _fadd                                    0x08003231   Thumb Code   196  faddsub_clz.o(x$fpl$fadd)
    __fpl_fcmp_Inf                           0x080032f5   Thumb Code    24  fcmpi.o(x$fpl$fcmpinf)
    __aeabi_fdiv                             0x0800330d   Thumb Code     0  fdiv.o(x$fpl$fdiv)
    _fdiv                                    0x0800330d   Thumb Code   384  fdiv.o(x$fpl$fdiv)
    __aeabi_f2iz                             0x08003491   Thumb Code     0  ffix.o(x$fpl$ffix)
    _ffix                                    0x08003491   Thumb Code    54  ffix.o(x$fpl$ffix)
    __aeabi_f2uiz                            0x080034c9   Thumb Code     0  ffixu.o(x$fpl$ffixu)
    _ffixu                                   0x080034c9   Thumb Code    62  ffixu.o(x$fpl$ffixu)
    __aeabi_i2f                              0x08003509   Thumb Code     0  fflt_clz.o(x$fpl$fflt)
    _fflt                                    0x08003509   Thumb Code    48  fflt_clz.o(x$fpl$fflt)
    __aeabi_cfcmple                          0x08003539   Thumb Code     0  fleqf.o(x$fpl$fleqf)
    _fcmple                                  0x08003539   Thumb Code   104  fleqf.o(x$fpl$fleqf)
    __fpl_fcmple_InfNaN                      0x0800358b   Thumb Code     0  fleqf.o(x$fpl$fleqf)
    __aeabi_fmul                             0x080035a1   Thumb Code     0  fmul.o(x$fpl$fmul)
    _fmul                                    0x080035a1   Thumb Code   258  fmul.o(x$fpl$fmul)
    __fpl_fnaninf                            0x080036a3   Thumb Code   140  fnaninf.o(x$fpl$fnaninf)
    __fpl_fretinf                            0x0800372f   Thumb Code    10  fretinf.o(x$fpl$fretinf)
    __aeabi_cfrcmple                         0x08003739   Thumb Code     0  frleqf.o(x$fpl$frleqf)
    _frcmple                                 0x08003739   Thumb Code    98  frleqf.o(x$fpl$frleqf)
    __aeabi_frsub                            0x0800379b   Thumb Code     0  faddsub_clz.o(x$fpl$frsb)
    _frsb                                    0x0800379b   Thumb Code    20  faddsub_clz.o(x$fpl$frsb)
    __aeabi_fsub                             0x080037b1   Thumb Code     0  faddsub_clz.o(x$fpl$fsub)
    _fsub                                    0x080037b1   Thumb Code   234  faddsub_clz.o(x$fpl$fsub)
    __I$use$fp                               0x0800389a   Number         0  usenofp.o(x$fpl$usenofp)
    Region$$Table$$Base                      0x0800389c   Number         0  anon$$obj.o(Region$$Table)
    Region$$Table$$Limit                     0x080038bc   Number         0  anon$$obj.o(Region$$Table)
    step                                     0x20000000   Data           4  main.o(.data)
    SystemCoreClock                          0x20000004   Data           4  system_stm32f10x.o(.data)
    AHBPrescTable                            0x20000008   Data          16  system_stm32f10x.o(.data)
    __stdout                                 0x2000001c   Data           4  usart.o(.data)
    USART_RX_STA                             0x20000020   Data           2  usart.o(.data)
    Kp1                                      0x20000038   Data           4  pid.o(.data)
    Ki1                                      0x2000003c   Data           4  pid.o(.data)
    Kd1                                      0x20000040   Data           4  pid.o(.data)
    Kp2                                      0x20000044   Data           4  pid.o(.data)
    Ki2                                      0x20000048   Data           4  pid.o(.data)
    Kd2                                      0x2000004c   Data           4  pid.o(.data)
    Kp3                                      0x20000050   Data           4  pid.o(.data)
    Ki3                                      0x20000054   Data           4  pid.o(.data)
    Kd3                                      0x20000058   Data           4  pid.o(.data)
    Kp4                                      0x2000005c   Data           4  pid.o(.data)
    Ki4                                      0x20000060   Data           4  pid.o(.data)
    Kd4                                      0x20000064   Data           4  pid.o(.data)
    Motor1                                   0x20000068   Data           4  pid.o(.data)
    Encoder1                                 0x2000006c   Data           4  pid.o(.data)
    Motor2                                   0x20000070   Data           4  pid.o(.data)
    Encoder2                                 0x20000074   Data           4  pid.o(.data)
    Motor3                                   0x20000078   Data           4  pid.o(.data)
    Encoder3                                 0x2000007c   Data           4  pid.o(.data)
    Motor4                                   0x20000080   Data           4  pid.o(.data)
    Encoder4                                 0x20000084   Data           4  pid.o(.data)
    Target1                                  0x20000088   Data           4  pid.o(.data)
    Target2                                  0x2000008c   Data           4  pid.o(.data)
    Target3                                  0x20000090   Data           4  pid.o(.data)
    Target4                                  0x20000094   Data           4  pid.o(.data)
    Mark                                     0x20000098   Data           1  usart3.o(.data)
    mark                                     0x20000099   Data           1  usart3.o(.data)
    res                                      0x2000009a   Data           1  usart3.o(.data)
    speed                                    0x2000009c   Data           4  usart3.o(.data)
    led1                                     0x200000a0   Data           4  track.o(.data)
    led2                                     0x200000a4   Data           4  track.o(.data)
    led3                                     0x200000a8   Data           4  track.o(.data)
    led4                                     0x200000ac   Data           4  track.o(.data)
    led5                                     0x200000b0   Data           4  track.o(.data)
    Res                                      0x200000b4   Data           1  usart2.o(.data)
    test                                     0x200000b8   Data           4  usart2.o(.data)
    USART_RX_BUF                             0x200000bc   Data         200  usart.o(.bss)
    pid                                      0x20000184   Data          96  pid.o(.bss)
    __libspace_start                         0x200001e4   Data          96  libspace.o(.bss)
    __temporary_stack_top$libspace           0x20000244   Data           0  libspace.o(.bss)



==============================================================================

Memory Map of the image

  Image Entry point : 0x080001cd

  Load Region LR_1 (Base: 0x08000000, Size: 0x00003978, Max: 0xffffffff, ABSOLUTE)

    Execution Region ER_RO (Exec base: 0x08000000, Load base: 0x08000000, Size: 0x000038bc, Max: 0xffffffff, ABSOLUTE)

    Exec Addr    Load Addr    Size         Type   Attr      Idx    E Section Name        Object

    0x08000000   0x08000000   0x00000130   Data   RO          396    RESET               startup_stm32f10x_hd.o
    0x08000130   0x08000130   0x00000008   Code   RO         3743  * !!!main             c_w.l(__main.o)
    0x08000138   0x08000138   0x00000034   Code   RO         3953    !!!scatter          c_w.l(__scatter.o)
    0x0800016c   0x0800016c   0x0000001a   Code   RO         3955    !!handler_copy      c_w.l(__scatter_copy.o)
    0x08000186   0x08000186   0x00000002   PAD
    0x08000188   0x08000188   0x0000001c   Code   RO         3957    !!handler_zi        c_w.l(__scatter_zi.o)
    0x080001a4   0x080001a4   0x00000002   Code   RO         3825    .ARM.Collect$$libinit$$00000000  c_w.l(libinit.o)
    0x080001a6   0x080001a6   0x00000000   Code   RO         3832    .ARM.Collect$$libinit$$00000002  c_w.l(libinit2.o)
    0x080001a6   0x080001a6   0x00000000   Code   RO         3834    .ARM.Collect$$libinit$$00000004  c_w.l(libinit2.o)
    0x080001a6   0x080001a6   0x00000000   Code   RO         3837    .ARM.Collect$$libinit$$0000000A  c_w.l(libinit2.o)
    0x080001a6   0x080001a6   0x00000000   Code   RO         3839    .ARM.Collect$$libinit$$0000000C  c_w.l(libinit2.o)
    0x080001a6   0x080001a6   0x00000000   Code   RO         3841    .ARM.Collect$$libinit$$0000000E  c_w.l(libinit2.o)
    0x080001a6   0x080001a6   0x00000000   Code   RO         3844    .ARM.Collect$$libinit$$00000011  c_w.l(libinit2.o)
    0x080001a6   0x080001a6   0x00000000   Code   RO         3846    .ARM.Collect$$libinit$$00000013  c_w.l(libinit2.o)
    0x080001a6   0x080001a6   0x00000000   Code   RO         3848    .ARM.Collect$$libinit$$00000015  c_w.l(libinit2.o)
    0x080001a6   0x080001a6   0x00000000   Code   RO         3850    .ARM.Collect$$libinit$$00000017  c_w.l(libinit2.o)
    0x080001a6   0x080001a6   0x00000000   Code   RO         3852    .ARM.Collect$$libinit$$00000019  c_w.l(libinit2.o)
    0x080001a6   0x080001a6   0x00000000   Code   RO         3854    .ARM.Collect$$libinit$$0000001B  c_w.l(libinit2.o)
    0x080001a6   0x080001a6   0x00000000   Code   RO         3856    .ARM.Collect$$libinit$$0000001D  c_w.l(libinit2.o)
    0x080001a6   0x080001a6   0x00000000   Code   RO         3858    .ARM.Collect$$libinit$$0000001F  c_w.l(libinit2.o)
    0x080001a6   0x080001a6   0x00000000   Code   RO         3860    .ARM.Collect$$libinit$$00000021  c_w.l(libinit2.o)
    0x080001a6   0x080001a6   0x00000000   Code   RO         3862    .ARM.Collect$$libinit$$00000023  c_w.l(libinit2.o)
    0x080001a6   0x080001a6   0x00000000   Code   RO         3864    .ARM.Collect$$libinit$$00000025  c_w.l(libinit2.o)
    0x080001a6   0x080001a6   0x00000000   Code   RO         3868    .ARM.Collect$$libinit$$0000002C  c_w.l(libinit2.o)
    0x080001a6   0x080001a6   0x00000000   Code   RO         3870    .ARM.Collect$$libinit$$0000002E  c_w.l(libinit2.o)
    0x080001a6   0x080001a6   0x00000000   Code   RO         3872    .ARM.Collect$$libinit$$00000030  c_w.l(libinit2.o)
    0x080001a6   0x080001a6   0x00000000   Code   RO         3874    .ARM.Collect$$libinit$$00000032  c_w.l(libinit2.o)
    0x080001a6   0x080001a6   0x00000002   Code   RO         3875    .ARM.Collect$$libinit$$00000033  c_w.l(libinit2.o)
    0x080001a8   0x080001a8   0x00000002   Code   RO         3893    .ARM.Collect$$libshutdown$$00000000  c_w.l(libshutdown.o)
    0x080001aa   0x080001aa   0x00000000   Code   RO         3903    .ARM.Collect$$libshutdown$$00000002  c_w.l(libshutdown2.o)
    0x080001aa   0x080001aa   0x00000000   Code   RO         3905    .ARM.Collect$$libshutdown$$00000004  c_w.l(libshutdown2.o)
    0x080001aa   0x080001aa   0x00000000   Code   RO         3907    .ARM.Collect$$libshutdown$$00000006  c_w.l(libshutdown2.o)
    0x080001aa   0x080001aa   0x00000000   Code   RO         3910    .ARM.Collect$$libshutdown$$00000009  c_w.l(libshutdown2.o)
    0x080001aa   0x080001aa   0x00000000   Code   RO         3913    .ARM.Collect$$libshutdown$$0000000C  c_w.l(libshutdown2.o)
    0x080001aa   0x080001aa   0x00000000   Code   RO         3915    .ARM.Collect$$libshutdown$$0000000E  c_w.l(libshutdown2.o)
    0x080001aa   0x080001aa   0x00000000   Code   RO         3918    .ARM.Collect$$libshutdown$$00000011  c_w.l(libshutdown2.o)
    0x080001aa   0x080001aa   0x00000002   Code   RO         3919    .ARM.Collect$$libshutdown$$00000012  c_w.l(libshutdown2.o)
    0x080001ac   0x080001ac   0x00000000   Code   RO         3789    .ARM.Collect$$rtentry$$00000000  c_w.l(__rtentry.o)
    0x080001ac   0x080001ac   0x00000000   Code   RO         3802    .ARM.Collect$$rtentry$$00000002  c_w.l(__rtentry2.o)
    0x080001ac   0x080001ac   0x00000006   Code   RO         3814    .ARM.Collect$$rtentry$$00000004  c_w.l(__rtentry4.o)
    0x080001b2   0x080001b2   0x00000000   Code   RO         3804    .ARM.Collect$$rtentry$$00000009  c_w.l(__rtentry2.o)
    0x080001b2   0x080001b2   0x00000004   Code   RO         3805    .ARM.Collect$$rtentry$$0000000A  c_w.l(__rtentry2.o)
    0x080001b6   0x080001b6   0x00000000   Code   RO         3807    .ARM.Collect$$rtentry$$0000000C  c_w.l(__rtentry2.o)
    0x080001b6   0x080001b6   0x00000008   Code   RO         3808    .ARM.Collect$$rtentry$$0000000D  c_w.l(__rtentry2.o)
    0x080001be   0x080001be   0x00000002   Code   RO         3829    .ARM.Collect$$rtexit$$00000000  c_w.l(rtexit.o)
    0x080001c0   0x080001c0   0x00000000   Code   RO         3877    .ARM.Collect$$rtexit$$00000002  c_w.l(rtexit2.o)
    0x080001c0   0x080001c0   0x00000004   Code   RO         3878    .ARM.Collect$$rtexit$$00000003  c_w.l(rtexit2.o)
    0x080001c4   0x080001c4   0x00000006   Code   RO         3879    .ARM.Collect$$rtexit$$00000004  c_w.l(rtexit2.o)
    0x080001ca   0x080001ca   0x00000002   PAD
    0x080001cc   0x080001cc   0x00000040   Code   RO          397  * .text               startup_stm32f10x_hd.o
    0x0800020c   0x0800020c   0x00000002   Code   RO         3739    .text               c_w.l(use_no_semi_2.o)
    0x0800020e   0x0800020e   0x00000006   Code   RO         3741    .text               c_w.l(heapauxi.o)
    0x08000214   0x08000214   0x00000002   Code   RO         3787    .text               c_w.l(use_no_semi.o)
    0x08000216   0x08000216   0x0000004a   Code   RO         3816    .text               c_w.l(sys_stackheap_outer.o)
    0x08000260   0x08000260   0x00000012   Code   RO         3818    .text               c_w.l(exit.o)
    0x08000272   0x08000272   0x00000002   PAD
    0x08000274   0x08000274   0x00000008   Code   RO         3826    .text               c_w.l(libspace.o)
    0x0800027c   0x0800027c   0x00000038   Code   RO         3507    i.Back              usart3.o
    0x080002b4   0x080002b4   0x00000174   Code   RO         3508    i.Bluetooth         usart3.o
    0x08000428   0x08000428   0x00000004   Code   RO          147    i.BusFault_Handler  stm32f10x_it.o
    0x0800042c   0x0800042c   0x00000048   Code   RO         3509    i.ControlSpeed      usart3.o
    0x08000474   0x08000474   0x00000002   Code   RO          148    i.DebugMon_Handler  stm32f10x_it.o
    0x08000476   0x08000476   0x00000002   PAD
    0x08000478   0x08000478   0x00000018   Code   RO         3510    i.DownLeft          usart3.o
    0x08000490   0x08000490   0x00000024   Code   RO         3511    i.DownRight         usart3.o
    0x080004b4   0x080004b4   0x00000014   Code   RO         3368    i.Encoder_Init_TIM  encoder.o
    0x080004c8   0x080004c8   0x000000fc   Code   RO         3369    i.Encoder_Init_TIM2  encoder.o
    0x080005c4   0x080005c4   0x000000c4   Code   RO         3370    i.Encoder_Init_TIM3  encoder.o
    0x08000688   0x08000688   0x000000c4   Code   RO         3371    i.Encoder_Init_TIM4  encoder.o
    0x0800074c   0x0800074c   0x000000c4   Code   RO         3372    i.Encoder_Init_TIM5  encoder.o
    0x08000810   0x08000810   0x00000116   Code   RO         1552    i.GPIO_Init         stm32f10x_gpio.o
    0x08000926   0x08000926   0x00000002   PAD
    0x08000928   0x08000928   0x00000090   Code   RO         1554    i.GPIO_PinRemapConfig  stm32f10x_gpio.o
    0x080009b8   0x080009b8   0x00000012   Code   RO         1556    i.GPIO_ReadInputDataBit  stm32f10x_gpio.o
    0x080009ca   0x080009ca   0x00000002   PAD
    0x080009cc   0x080009cc   0x00000018   Code   RO         3512    i.GoAhead           usart3.o
    0x080009e4   0x080009e4   0x00000004   Code   RO          149    i.HardFault_Handler  stm32f10x_it.o
    0x080009e8   0x080009e8   0x000000dc   Code   RO         3410    i.Incremental_PID1  pid.o
    0x08000ac4   0x08000ac4   0x000000dc   Code   RO         3411    i.Incremental_PID2  pid.o
    0x08000ba0   0x08000ba0   0x000000dc   Code   RO         3412    i.Incremental_PID3  pid.o
    0x08000c7c   0x08000c7c   0x000000dc   Code   RO         3413    i.Incremental_PID4  pid.o
    0x08000d58   0x08000d58   0x00000028   Code   RO         3513    i.Left              usart3.o
    0x08000d80   0x08000d80   0x000000e4   Code   RO         3514    i.LeftSpin          usart3.o
    0x08000e64   0x08000e64   0x00000004   Code   RO          150    i.MemManage_Handler  stm32f10x_it.o
    0x08000e68   0x08000e68   0x00000002   Code   RO          151    i.NMI_Handler       stm32f10x_it.o
    0x08000e6a   0x08000e6a   0x00000002   PAD
    0x08000e6c   0x08000e6c   0x00000070   Code   RO          401    i.NVIC_Init         misc.o
    0x08000edc   0x08000edc   0x00000014   Code   RO          402    i.NVIC_PriorityGroupConfig  misc.o
    0x08000ef0   0x08000ef0   0x000000b4   Code   RO         3477    i.PWM_Init_TIM1     pwm.o
    0x08000fa4   0x08000fa4   0x00000118   Code   RO         3478    i.PWM_Init_TIM8     pwm.o
    0x080010bc   0x080010bc   0x00000002   Code   RO          152    i.PendSV_Handler    stm32f10x_it.o
    0x080010be   0x080010be   0x00000002   PAD
    0x080010c0   0x080010c0   0x00000020   Code   RO         1968    i.RCC_APB1PeriphClockCmd  stm32f10x_rcc.o
    0x080010e0   0x080010e0   0x00000020   Code   RO         1969    i.RCC_APB1PeriphResetCmd  stm32f10x_rcc.o
    0x08001100   0x08001100   0x00000020   Code   RO         1970    i.RCC_APB2PeriphClockCmd  stm32f10x_rcc.o
    0x08001120   0x08001120   0x00000020   Code   RO         1971    i.RCC_APB2PeriphResetCmd  stm32f10x_rcc.o
    0x08001140   0x08001140   0x000000d4   Code   RO         1978    i.RCC_GetClocksFreq  stm32f10x_rcc.o
    0x08001214   0x08001214   0x00000088   Code   RO         3373    i.Read_Encoder      encoder.o
    0x0800129c   0x0800129c   0x00000028   Code   RO         3515    i.Right             usart3.o
    0x080012c4   0x080012c4   0x000000e4   Code   RO         3516    i.RightSpin         usart3.o
    0x080013a8   0x080013a8   0x00000002   Code   RO          153    i.SVC_Handler       stm32f10x_it.o
    0x080013aa   0x080013aa   0x00000008   Code   RO          210    i.SetSysClock       system_stm32f10x.o
    0x080013b2   0x080013b2   0x00000002   PAD
    0x080013b4   0x080013b4   0x000000e0   Code   RO          211    i.SetSysClockTo72   system_stm32f10x.o
    0x08001494   0x08001494   0x00000040   Code   RO         3414    i.Set_Pwm1          pid.o
    0x080014d4   0x080014d4   0x00000040   Code   RO         3415    i.Set_Pwm2          pid.o
    0x08001514   0x08001514   0x00000040   Code   RO         3416    i.Set_Pwm3          pid.o
    0x08001554   0x08001554   0x00000040   Code   RO         3417    i.Set_Pwm4          pid.o
    0x08001594   0x08001594   0x00000010   Code   RO         3517    i.Stop              usart3.o
    0x080015a4   0x080015a4   0x00000028   Code   RO          405    i.SysTick_CLKSourceConfig  misc.o
    0x080015cc   0x080015cc   0x00000002   Code   RO          154    i.SysTick_Handler   stm32f10x_it.o
    0x080015ce   0x080015ce   0x00000002   PAD
    0x080015d0   0x080015d0   0x00000060   Code   RO          213    i.SystemInit        system_stm32f10x.o
    0x08001630   0x08001630   0x00000080   Code   RO         2586    i.TI1_Config        stm32f10x_tim.o
    0x080016b0   0x080016b0   0x00000098   Code   RO         2587    i.TI2_Config        stm32f10x_tim.o
    0x08001748   0x08001748   0x00000090   Code   RO         2588    i.TI3_Config        stm32f10x_tim.o
    0x080017d8   0x080017d8   0x00000098   Code   RO         2589    i.TI4_Config        stm32f10x_tim.o
    0x08001870   0x08001870   0x000000d4   Code   RO          366    i.TIM6_IRQHandler   timer.o
    0x08001944   0x08001944   0x00000064   Code   RO          367    i.TIM6_Init         timer.o
    0x080019a8   0x080019a8   0x00000018   Code   RO         2590    i.TIM_ARRPreloadConfig  stm32f10x_tim.o
    0x080019c0   0x080019c0   0x00000006   Code   RO         2596    i.TIM_ClearFlag     stm32f10x_tim.o
    0x080019c6   0x080019c6   0x00000006   Code   RO         2597    i.TIM_ClearITPendingBit  stm32f10x_tim.o
    0x080019cc   0x080019cc   0x00000018   Code   RO         2602    i.TIM_Cmd           stm32f10x_tim.o
    0x080019e4   0x080019e4   0x0000001e   Code   RO         2604    i.TIM_CtrlPWMOutputs  stm32f10x_tim.o
    0x08001a02   0x08001a02   0x00000042   Code   RO         2611    i.TIM_EncoderInterfaceConfig  stm32f10x_tim.o
    0x08001a44   0x08001a44   0x00000012   Code   RO         2622    i.TIM_GetFlagStatus  stm32f10x_tim.o
    0x08001a56   0x08001a56   0x00000002   PAD
    0x08001a58   0x08001a58   0x000000ac   Code   RO         2625    i.TIM_ICInit        stm32f10x_tim.o
    0x08001b04   0x08001b04   0x00000012   Code   RO         2627    i.TIM_ITConfig      stm32f10x_tim.o
    0x08001b16   0x08001b16   0x00000002   PAD
    0x08001b18   0x08001b18   0x00000098   Code   RO         2631    i.TIM_OC1Init       stm32f10x_tim.o
    0x08001bb0   0x08001bb0   0x00000012   Code   RO         2634    i.TIM_OC1PreloadConfig  stm32f10x_tim.o
    0x08001bc2   0x08001bc2   0x00000002   PAD
    0x08001bc4   0x08001bc4   0x000000a4   Code   RO         2636    i.TIM_OC2Init       stm32f10x_tim.o
    0x08001c68   0x08001c68   0x0000001a   Code   RO         2639    i.TIM_OC2PreloadConfig  stm32f10x_tim.o
    0x08001c82   0x08001c82   0x00000002   PAD
    0x08001c84   0x08001c84   0x000000a0   Code   RO         2641    i.TIM_OC3Init       stm32f10x_tim.o
    0x08001d24   0x08001d24   0x00000012   Code   RO         2644    i.TIM_OC3PreloadConfig  stm32f10x_tim.o
    0x08001d36   0x08001d36   0x00000002   PAD
    0x08001d38   0x08001d38   0x0000007c   Code   RO         2646    i.TIM_OC4Init       stm32f10x_tim.o
    0x08001db4   0x08001db4   0x0000001a   Code   RO         2648    i.TIM_OC4PreloadConfig  stm32f10x_tim.o
    0x08001dce   0x08001dce   0x00000004   Code   RO         2663    i.TIM_SetCompare1   stm32f10x_tim.o
    0x08001dd2   0x08001dd2   0x00000004   Code   RO         2664    i.TIM_SetCompare2   stm32f10x_tim.o
    0x08001dd6   0x08001dd6   0x00000004   Code   RO         2667    i.TIM_SetCounter    stm32f10x_tim.o
    0x08001dda   0x08001dda   0x00000012   Code   RO         2668    i.TIM_SetIC1Prescaler  stm32f10x_tim.o
    0x08001dec   0x08001dec   0x0000001a   Code   RO         2669    i.TIM_SetIC2Prescaler  stm32f10x_tim.o
    0x08001e06   0x08001e06   0x00000012   Code   RO         2670    i.TIM_SetIC3Prescaler  stm32f10x_tim.o
    0x08001e18   0x08001e18   0x0000001a   Code   RO         2671    i.TIM_SetIC4Prescaler  stm32f10x_tim.o
    0x08001e32   0x08001e32   0x00000002   PAD
    0x08001e34   0x08001e34   0x000000a4   Code   RO         2673    i.TIM_TimeBaseInit  stm32f10x_tim.o
    0x08001ed8   0x08001ed8   0x00000694   Code   RO         3691    i.Track             track.o
    0x0800256c   0x0800256c   0x0000002c   Code   RO         3692    i.Track_Init        track.o
    0x08002598   0x08002598   0x00000088   Code   RO          325    i.USART1_IRQHandler  usart.o
    0x08002620   0x08002620   0x0000003c   Code   RO         3716    i.USART2_IRQHandler  usart2.o
    0x0800265c   0x0800265c   0x00000038   Code   RO         3518    i.USART3_IRQHandler  usart3.o
    0x08002694   0x08002694   0x0000001e   Code   RO         3135    i.USART_ClearITPendingBit  stm32f10x_usart.o
    0x080026b2   0x080026b2   0x00000018   Code   RO         3138    i.USART_Cmd         stm32f10x_usart.o
    0x080026ca   0x080026ca   0x00000002   PAD
    0x080026cc   0x080026cc   0x0000009c   Code   RO         3140    i.USART_DeInit      stm32f10x_usart.o
    0x08002768   0x08002768   0x00000054   Code   RO         3142    i.USART_GetITStatus  stm32f10x_usart.o
    0x080027bc   0x080027bc   0x0000004a   Code   RO         3144    i.USART_ITConfig    stm32f10x_usart.o
    0x08002806   0x08002806   0x00000002   PAD
    0x08002808   0x08002808   0x000000d8   Code   RO         3145    i.USART_Init        stm32f10x_usart.o
    0x080028e0   0x080028e0   0x0000000a   Code   RO         3152    i.USART_ReceiveData  stm32f10x_usart.o
    0x080028ea   0x080028ea   0x00000002   PAD
    0x080028ec   0x080028ec   0x00000024   Code   RO         3519    i.UpLeft            usart3.o
    0x08002910   0x08002910   0x00000018   Code   RO         3520    i.UpRight           usart3.o
    0x08002928   0x08002928   0x00000004   Code   RO          155    i.UsageFault_Handler  stm32f10x_it.o
    0x0800292c   0x0800292c   0x00000004   Code   RO          326    i._sys_exit         usart.o
    0x08002930   0x08002930   0x00000044   Code   RO         3479    i.angle             pwm.o
    0x08002974   0x08002974   0x0000000a   Code   RO         3521    i.clamp             usart3.o
    0x0800297e   0x0800297e   0x00000002   PAD
    0x08002980   0x08002980   0x00000044   Code   RO          244    i.delay_init        delay.o
    0x080029c4   0x080029c4   0x0000004c   Code   RO          245    i.delay_ms          delay.o
    0x08002a10   0x08002a10   0x00000010   Code   RO         3522    i.down              usart3.o
    0x08002a20   0x08002a20   0x000000a4   Code   RO            1    i.main              main.o
    0x08002ac4   0x08002ac4   0x0000000e   Code   RO         3418    i.myabs             pid.o
    0x08002ad2   0x08002ad2   0x00000002   PAD
    0x08002ad4   0x08002ad4   0x00000010   Code   RO         3523    i.off               usart3.o
    0x08002ae4   0x08002ae4   0x00000010   Code   RO         3524    i.release           usart3.o
    0x08002af4   0x08002af4   0x00000010   Code   RO         3525    i.up                usart3.o
    0x08002b04   0x08002b04   0x000000a4   Code   RO         3717    i.usart2_init       usart2.o
    0x08002ba8   0x08002ba8   0x000000ac   Code   RO         3526    i.usart3_init       usart3.o
    0x08002c54   0x08002c54   0x00000062   Code   RO         3745    x$fpl$d2f           fz_ws.l(d2f.o)
    0x08002cb6   0x08002cb6   0x00000002   PAD
    0x08002cb8   0x08002cb8   0x00000150   Code   RO         3747    x$fpl$dadd          fz_ws.l(daddsub_clz.o)
    0x08002e08   0x08002e08   0x00000154   Code   RO         3753    x$fpl$dmul          fz_ws.l(dmul.o)
    0x08002f5c   0x08002f5c   0x0000009c   Code   RO         3790    x$fpl$dnaninf       fz_ws.l(dnaninf.o)
    0x08002ff8   0x08002ff8   0x0000000c   Code   RO         3792    x$fpl$dretinf       fz_ws.l(dretinf.o)
    0x08003004   0x08003004   0x000001d4   Code   RO         3749    x$fpl$dsub          fz_ws.l(daddsub_clz.o)
    0x080031d8   0x080031d8   0x00000056   Code   RO         3755    x$fpl$f2d           fz_ws.l(f2d.o)
    0x0800322e   0x0800322e   0x00000002   PAD
    0x08003230   0x08003230   0x000000c4   Code   RO         3757    x$fpl$fadd          fz_ws.l(faddsub_clz.o)
    0x080032f4   0x080032f4   0x00000018   Code   RO         3794    x$fpl$fcmpinf       fz_ws.l(fcmpi.o)
    0x0800330c   0x0800330c   0x00000184   Code   RO         3764    x$fpl$fdiv          fz_ws.l(fdiv.o)
    0x08003490   0x08003490   0x00000036   Code   RO         3767    x$fpl$ffix          fz_ws.l(ffix.o)
    0x080034c6   0x080034c6   0x00000002   PAD
    0x080034c8   0x080034c8   0x0000003e   Code   RO         3771    x$fpl$ffixu         fz_ws.l(ffixu.o)
    0x08003506   0x08003506   0x00000002   PAD
    0x08003508   0x08003508   0x00000030   Code   RO         3776    x$fpl$fflt          fz_ws.l(fflt_clz.o)
    0x08003538   0x08003538   0x00000068   Code   RO         3781    x$fpl$fleqf         fz_ws.l(fleqf.o)
    0x080035a0   0x080035a0   0x00000102   Code   RO         3783    x$fpl$fmul          fz_ws.l(fmul.o)
    0x080036a2   0x080036a2   0x0000008c   Code   RO         3796    x$fpl$fnaninf       fz_ws.l(fnaninf.o)
    0x0800372e   0x0800372e   0x0000000a   Code   RO         3798    x$fpl$fretinf       fz_ws.l(fretinf.o)
    0x08003738   0x08003738   0x00000062   Code   RO         3785    x$fpl$frleqf        fz_ws.l(frleqf.o)
    0x0800379a   0x0800379a   0x00000014   Code   RO         3758    x$fpl$frsb          fz_ws.l(faddsub_clz.o)
    0x080037ae   0x080037ae   0x00000002   PAD
    0x080037b0   0x080037b0   0x000000ea   Code   RO         3759    x$fpl$fsub          fz_ws.l(faddsub_clz.o)
    0x0800389a   0x0800389a   0x00000000   Code   RO         3800    x$fpl$usenofp       fz_ws.l(usenofp.o)
    0x0800389a   0x0800389a   0x00000002   PAD
    0x0800389c   0x0800389c   0x00000020   Data   RO         3951    Region$$Table       anon$$obj.o


    Execution Region ER_RW (Exec base: 0x20000000, Load base: 0x080038bc, Size: 0x000000bc, Max: 0xffffffff, ABSOLUTE)

    Exec Addr    Load Addr    Size         Type   Attr      Idx    E Section Name        Object

    0x20000000   0x080038bc   0x00000004   Data   RW            2    .data               main.o
    0x20000004   0x080038c0   0x00000014   Data   RW          214    .data               system_stm32f10x.o
    0x20000018   0x080038d4   0x00000004   Data   RW          247    .data               delay.o
    0x2000001c   0x080038d8   0x00000006   Data   RW          330    .data               usart.o
    0x20000022   0x080038de   0x00000014   Data   RW         1998    .data               stm32f10x_rcc.o
    0x20000036   0x080038f2   0x00000002   PAD
    0x20000038   0x080038f4   0x00000060   Data   RW         3420    .data               pid.o
    0x20000098   0x08003954   0x00000008   Data   RW         3528    .data               usart3.o
    0x200000a0   0x0800395c   0x00000014   Data   RW         3693    .data               track.o
    0x200000b4   0x08003970   0x00000008   Data   RW         3718    .data               usart2.o


    Execution Region ER_ZI (Exec base: 0x200000bc, Load base: 0x08003978, Size: 0x0000078c, Max: 0xffffffff, ABSOLUTE)

    Exec Addr    Load Addr    Size         Type   Attr      Idx    E Section Name        Object

    0x200000bc        -       0x000000c8   Zero   RW          329    .bss                usart.o
    0x20000184        -       0x00000060   Zero   RW         3419    .bss                pid.o
    0x200001e4        -       0x00000060   Zero   RW         3827    .bss                c_w.l(libspace.o)
    0x20000244   0x08003978   0x00000004   PAD
    0x20000248        -       0x00000200   Zero   RW          395    HEAP                startup_stm32f10x_hd.o
    0x20000448        -       0x00000400   Zero   RW          394    STACK               startup_stm32f10x_hd.o


==============================================================================

Image component sizes


      Code (inc. data)   RO Data    RW Data    ZI Data      Debug   Object Name

       144         22          0          4          0     205896   delay.o
       996         78          0          0          0       3946   encoder.o
       164         16          0          4          0      48662   main.o
       172         22          0          0          0       1993   misc.o
      1150        158          0         96         96       6666   pid.o
       528         46          0          0          0       2024   pwm.o
        64         26        304          0       1536        780   startup_stm32f10x_hd.o
       440          6          0          0          0       3362   stm32f10x_gpio.o
        26          0          0          0          0       3558   stm32f10x_it.o
       340         44          0         20          0       5456   stm32f10x_rcc.o
      1892        200          0          0          0      18255   stm32f10x_tim.o
       594         28          0          0          0       6123   stm32f10x_usart.o
         0          0          0          0          0         32   sys.o
       328         28          0         20          0       2005   system_stm32f10x.o
       312         56          0          0          0       1134   timer.o
      1728         52          0         20          0       2112   track.o
       140         14          0          6        200       2824   usart.o
       224         24          0          8          0       1413   usart2.o
      1498        148          0          8          0      10443   usart3.o

    ----------------------------------------------------------------------
     10776        968        336        188       1832     326684   Object Totals
         0          0         32          0          0          0   (incl. Generated)
        36          0          0          2          0          0   (incl. Padding)

    ----------------------------------------------------------------------

      Code (inc. data)   RO Data    RW Data    ZI Data      Debug   Library Member Name

         8          0          0          0          0         68   __main.o
         0          0          0          0          0          0   __rtentry.o
        12          0          0          0          0          0   __rtentry2.o
         6          0          0          0          0          0   __rtentry4.o
        52          8          0          0          0          0   __scatter.o
        26          0          0          0          0          0   __scatter_copy.o
        28          0          0          0          0          0   __scatter_zi.o
        18          0          0          0          0         80   exit.o
         6          0          0          0          0        152   heapauxi.o
         2          0          0          0          0          0   libinit.o
         2          0          0          0          0          0   libinit2.o
         2          0          0          0          0          0   libshutdown.o
         2          0          0          0          0          0   libshutdown2.o
         8          4          0          0         96         68   libspace.o
         2          0          0          0          0          0   rtexit.o
        10          0          0          0          0          0   rtexit2.o
        74          0          0          0          0         80   sys_stackheap_outer.o
         2          0          0          0          0         68   use_no_semi.o
         2          0          0          0          0         68   use_no_semi_2.o
        98          4          0          0          0         92   d2f.o
       804         16          0          0          0        272   daddsub_clz.o
       340         12          0          0          0        104   dmul.o
       156          4          0          0          0         92   dnaninf.o
        12          0          0          0          0         68   dretinf.o
        86          4          0          0          0         84   f2d.o
       450          8          0          0          0        236   faddsub_clz.o
        24          0          0          0          0         68   fcmpi.o
       388         76          0          0          0         96   fdiv.o
        54          4          0          0          0         84   ffix.o
        62          4          0          0          0         84   ffixu.o
        48          0          0          0          0         68   fflt_clz.o
       104          4          0          0          0         84   fleqf.o
       258          4          0          0          0         84   fmul.o
       140          4          0          0          0         84   fnaninf.o
        10          0          0          0          0         68   fretinf.o
        98          0          0          0          0         68   frleqf.o
         0          0          0          0          0          0   usenofp.o

    ----------------------------------------------------------------------
      3412        156          0          0        100       2320   Library Totals
        18          0          0          0          4          0   (incl. Padding)

    ----------------------------------------------------------------------

      Code (inc. data)   RO Data    RW Data    ZI Data      Debug   Library Name

       262         12          0          0         96        584   c_w.l
      3132        144          0          0          0       1736   fz_ws.l

    ----------------------------------------------------------------------
      3412        156          0          0        100       2320   Library Totals

    ----------------------------------------------------------------------

==============================================================================


      Code (inc. data)   RO Data    RW Data    ZI Data      Debug   

     14188       1124        336        188       1932     322448   Grand Totals
     14188       1124        336        188       1932     322448   ELF Image Totals
     14188       1124        336        188          0          0   ROM Totals

==============================================================================

    Total RO  Size (Code + RO Data)                14524 (  14.18kB)
    Total RW  Size (RW Data + ZI Data)              2120 (   2.07kB)
    Total ROM Size (Code + RO Data + RW Data)      14712 (  14.37kB)

==============================================================================

